Feb 13 05:49:10 syslogd started: BusyBox v1.30.1
Feb 13 05:49:10 kernel: klogd started: BusyBox v1.30.1 (Debian 1:1.30.1-6+b3)
Feb 13 05:49:10 kernel: [    0.000000] Linux version 5.10.0-20-amd64 (debian-kernel@lists.debian.org) (gcc-10 (Debian 10.2.1-6) 10.2.1 20210110, GNU ld (GNU Binutils for Debian) 2.35.2) #1 SMP Debian 5.10.158-2 (2022-12-13)
Feb 13 05:49:10 kernel: [    0.000000] Command line: BOOT_IMAGE=/install.amd/vmlinuz auto=true priority=critical vga=788 --- quiet
Feb 13 05:49:10 kernel: [    0.000000] x86/fpu: x87 FPU will use FXSAVE
Feb 13 05:49:10 kernel: [    0.000000] BIOS-provided physical RAM map:
Feb 13 05:49:10 kernel: [    0.000000] BIOS-e820: [mem 0x0000000000000000-0x000000000009ffff] usable
Feb 13 05:49:10 kernel: [    0.000000] BIOS-e820: [mem 0x0000000000100000-0x00000000007fffff] usable
Feb 13 05:49:10 kernel: [    0.000000] BIOS-e820: [mem 0x0000000000800000-0x0000000000807fff] ACPI NVS
Feb 13 05:49:10 kernel: [    0.000000] BIOS-e820: [mem 0x0000000000808000-0x000000000080afff] usable
Feb 13 05:49:10 kernel: [    0.000000] BIOS-e820: [mem 0x000000000080b000-0x000000000080bfff] ACPI NVS
Feb 13 05:49:10 kernel: [    0.000000] BIOS-e820: [mem 0x000000000080c000-0x0000000000810fff] usable
Feb 13 05:49:10 kernel: [    0.000000] BIOS-e820: [mem 0x0000000000811000-0x00000000008fffff] ACPI NVS
Feb 13 05:49:10 kernel: [    0.000000] BIOS-e820: [mem 0x0000000000900000-0x000000007f4ecfff] usable
Feb 13 05:49:10 kernel: [    0.000000] BIOS-e820: [mem 0x000000007f4ed000-0x000000007f5ecfff] reserved
Feb 13 05:49:10 kernel: [    0.000000] BIOS-e820: [mem 0x000000007f5ed000-0x000000007f6ecfff] type 20
Feb 13 05:49:10 kernel: [    0.000000] BIOS-e820: [mem 0x000000007f6ed000-0x000000007f76cfff] reserved
Feb 13 05:49:10 kernel: [    0.000000] BIOS-e820: [mem 0x000000007f76d000-0x000000007f77efff] ACPI data
Feb 13 05:49:10 kernel: [    0.000000] BIOS-e820: [mem 0x000000007f77f000-0x000000007f7fefff] ACPI NVS
Feb 13 05:49:10 kernel: [    0.000000] BIOS-e820: [mem 0x000000007f7ff000-0x000000007ff02fff] usable
Feb 13 05:49:10 kernel: [    0.000000] BIOS-e820: [mem 0x000000007ff03000-0x000000007ff06fff] reserved
Feb 13 05:49:10 kernel: [    0.000000] BIOS-e820: [mem 0x000000007ff07000-0x000000007ff08fff] ACPI NVS
Feb 13 05:49:10 kernel: [    0.000000] BIOS-e820: [mem 0x000000007ff09000-0x000000007ff4ffff] usable
Feb 13 05:49:10 kernel: [    0.000000] BIOS-e820: [mem 0x000000007ff50000-0x000000007ff6ffff] reserved
Feb 13 05:49:10 kernel: [    0.000000] BIOS-e820: [mem 0x000000007ff70000-0x000000007fffffff] ACPI NVS
Feb 13 05:49:10 kernel: [    0.000000] BIOS-e820: [mem 0x00000000feffc000-0x00000000feffffff] reserved
Feb 13 05:49:10 kernel: [    0.000000] BIOS-e820: [mem 0x000000fd00000000-0x000000ffffffffff] reserved
Feb 13 05:49:10 kernel: [    0.000000] NX (Execute Disable) protection: active
Feb 13 05:49:10 kernel: [    0.000000] efi: EFI v2.70 by EDK II
Feb 13 05:49:10 kernel: [    0.000000] efi: SMBIOS=0x7f4f9000 SMBIOS 3.0=0x7f4f7000 ACPI=0x7f77e000 ACPI 2.0=0x7f77e014 MEMATTR=0x7e5ee018 MOKvar=0x7e4e9000 
Feb 13 05:49:10 kernel: [    0.000000] efi: memattr: Unexpected EFI Memory Attributes table version 2
Feb 13 05:49:10 kernel: [    0.000000] secureboot: Secure boot disabled
Feb 13 05:49:10 kernel: [    0.000000] SMBIOS 3.0.0 present.
Feb 13 05:49:10 kernel: [    0.000000] DMI: QEMU Standard PC (i440FX + PIIX, 1996), BIOS edk2-20241117-5.fc40 11/17/2024
Feb 13 05:49:10 kernel: [    0.000000] Hypervisor detected: KVM
Feb 13 05:49:10 kernel: [    0.000000] kvm-clock: Using msrs 4b564d01 and 4b564d00
Feb 13 05:49:10 kernel: [    0.000000] kvm-clock: cpu 0, msr ea01001, primary cpu clock
Feb 13 05:49:10 kernel: [    0.000000] kvm-clock: using sched offset of 41131868761 cycles
Feb 13 05:49:10 kernel: [    0.000002] clocksource: kvm-clock: mask: 0xffffffffffffffff max_cycles: 0x1cd42e4dffb, max_idle_ns: 881590591483 ns
Feb 13 05:49:10 kernel: [    0.000004] tsc: Detected 3099.998 MHz processor
Feb 13 05:49:10 kernel: [    0.000160] e820: update [mem 0x00000000-0x00000fff] usable ==> reserved
Feb 13 05:49:10 kernel: [    0.000163] e820: remove [mem 0x000a0000-0x000fffff] usable
Feb 13 05:49:10 kernel: [    0.040184] AGP: No AGP bridge found
Feb 13 05:49:10 kernel: [    0.040536] last_pfn = 0x7ff50 max_arch_pfn = 0x400000000
Feb 13 05:49:10 kernel: [    0.040566] MTRR default type: write-back
Feb 13 05:49:10 kernel: [    0.040566] MTRR fixed ranges enabled:
Feb 13 05:49:10 kernel: [    0.040568]   00000-9FFFF write-back
Feb 13 05:49:10 kernel: [    0.040569]   A0000-FFFFF uncachable
Feb 13 05:49:10 kernel: [    0.040569] MTRR variable ranges enabled:
Feb 13 05:49:10 kernel: [    0.040571]   0 base 0080000000 mask FF80000000 uncachable
Feb 13 05:49:10 kernel: [    0.040572]   1 base C000000000 mask E000000000 uncachable
Feb 13 05:49:10 kernel: [    0.040572]   2 disabled
Feb 13 05:49:10 kernel: [    0.040573]   3 disabled
Feb 13 05:49:10 kernel: [    0.040573]   4 disabled
Feb 13 05:49:10 kernel: [    0.040574]   5 disabled
Feb 13 05:49:10 kernel: [    0.040574]   6 disabled
Feb 13 05:49:10 kernel: [    0.040575]   7 disabled
Feb 13 05:49:10 kernel: [    0.040586] x86/PAT: Configuration [0-7]: WB  WC  UC- UC  WB  WP  UC- WT  
Feb 13 05:49:10 kernel: [    0.045007] e820: update [mem 0x7e4e9000-0x7e4ebfff] usable ==> reserved
Feb 13 05:49:10 kernel: [    0.045368] RAMDISK: [mem 0x35de1000-0x36ee7fff]
Feb 13 05:49:10 kernel: [    0.045370] ACPI: Early table checksum verification disabled
Feb 13 05:49:10 kernel: [    0.045373] ACPI: RSDP 0x000000007F77E014 000024 (v02 BOCHS )
Feb 13 05:49:10 kernel: [    0.045376] ACPI: XSDT 0x000000007F77D0E8 00004C (v01 BOCHS  BXPC     00000001      01000013)
Feb 13 05:49:10 kernel: [    0.045381] ACPI: FACP 0x000000007F77A000 000074 (v01 BOCHS  BXPC     00000001 BXPC 00000001)
Feb 13 05:49:10 kernel: [    0.045385] ACPI: DSDT 0x000000007F77B000 001B07 (v01 BOCHS  BXPC     00000001 BXPC 00000001)
Feb 13 05:49:10 kernel: [    0.045388] ACPI: FACS 0x000000007F7DD000 000040
Feb 13 05:49:10 kernel: [    0.045391] ACPI: APIC 0x000000007F779000 000080 (v03 BOCHS  BXPC     00000001 BXPC 00000001)
Feb 13 05:49:10 kernel: [    0.045393] ACPI: HPET 0x000000007F778000 000038 (v01 BOCHS  BXPC     00000001 BXPC 00000001)
Feb 13 05:49:10 kernel: [    0.045396] ACPI: WAET 0x000000007F777000 000028 (v01 BOCHS  BXPC     00000001 BXPC 00000001)
Feb 13 05:49:10 kernel: [    0.045399] ACPI: BGRT 0x000000007F776000 000038 (v01 INTEL  EDK2     00000002      01000013)
Feb 13 05:49:10 kernel: [    0.045401] ACPI: Reserving FACP table memory at [mem 0x7f77a000-0x7f77a073]
Feb 13 05:49:10 kernel: [    0.045402] ACPI: Reserving DSDT table memory at [mem 0x7f77b000-0x7f77cb06]
Feb 13 05:49:10 kernel: [    0.045403] ACPI: Reserving FACS table memory at [mem 0x7f7dd000-0x7f7dd03f]
Feb 13 05:49:10 kernel: [    0.045404] ACPI: Reserving APIC table memory at [mem 0x7f779000-0x7f77907f]
Feb 13 05:49:10 kernel: [    0.045405] ACPI: Reserving HPET table memory at [mem 0x7f778000-0x7f778037]
Feb 13 05:49:10 kernel: [    0.045406] ACPI: Reserving WAET table memory at [mem 0x7f777000-0x7f777027]
Feb 13 05:49:10 kernel: [    0.045407] ACPI: Reserving BGRT table memory at [mem 0x7f776000-0x7f776037]
Feb 13 05:49:10 kernel: [    0.045418] ACPI: Local APIC address 0xfee00000
Feb 13 05:49:10 kernel: [    0.045604] No NUMA configuration found
Feb 13 05:49:10 kernel: [    0.045605] Faking a node at [mem 0x0000000000000000-0x000000007ff4ffff]
Feb 13 05:49:10 kernel: [    0.045612] NODE_DATA(0) allocated [mem 0x7fe75000-0x7fe9efff]
Feb 13 05:49:10 kernel: [    0.045891] Zone ranges:
Feb 13 05:49:10 kernel: [    0.045892]   DMA      [mem 0x0000000000001000-0x0000000000ffffff]
Feb 13 05:49:10 kernel: [    0.045893]   DMA32    [mem 0x0000000001000000-0x000000007ff4ffff]
Feb 13 05:49:10 kernel: [    0.045894]   Normal   empty
Feb 13 05:49:10 kernel: [    0.045895]   Device   empty
Feb 13 05:49:10 kernel: [    0.045897] Movable zone start for each node
Feb 13 05:49:10 kernel: [    0.045899] Early memory node ranges
Feb 13 05:49:10 kernel: [    0.045900]   node   0: [mem 0x0000000000001000-0x000000000009ffff]
Feb 13 05:49:10 kernel: [    0.045901]   node   0: [mem 0x0000000000100000-0x00000000007fffff]
Feb 13 05:49:10 kernel: [    0.045901]   node   0: [mem 0x0000000000808000-0x000000000080afff]
Feb 13 05:49:10 kernel: [    0.045902]   node   0: [mem 0x000000000080c000-0x0000000000810fff]
Feb 13 05:49:10 kernel: [    0.045903]   node   0: [mem 0x0000000000900000-0x000000007f4ecfff]
Feb 13 05:49:10 kernel: [    0.045903]   node   0: [mem 0x000000007f7ff000-0x000000007ff02fff]
Feb 13 05:49:10 kernel: [    0.045904]   node   0: [mem 0x000000007ff09000-0x000000007ff4ffff]
Feb 13 05:49:10 kernel: [    0.045905] Initmem setup node 0 [mem 0x0000000000001000-0x000000007ff4ffff]
Feb 13 05:49:10 kernel: [    0.045907] On node 0 totalpages: 522975
Feb 13 05:49:10 kernel: [    0.045908]   DMA zone: 59 pages used for memmap
Feb 13 05:49:10 kernel: [    0.045908]   DMA zone: 1819 pages reserved
Feb 13 05:49:10 kernel: [    0.045909]   DMA zone: 3751 pages, LIFO batch:0
Feb 13 05:49:10 kernel: [    0.045910]   DMA32 zone: 8126 pages used for memmap
Feb 13 05:49:10 kernel: [    0.045911]   DMA32 zone: 519224 pages, LIFO batch:63
Feb 13 05:49:10 kernel: [    0.046210] On node 0, zone DMA: 1 pages in unavailable ranges
Feb 13 05:49:10 kernel: [    0.046223] On node 0, zone DMA: 96 pages in unavailable ranges
Feb 13 05:49:10 kernel: [    0.046223] On node 0, zone DMA: 8 pages in unavailable ranges
Feb 13 05:49:10 kernel: [    0.046224] On node 0, zone DMA: 1 pages in unavailable ranges
Feb 13 05:49:10 kernel: [    0.046237] On node 0, zone DMA: 239 pages in unavailable ranges
Feb 13 05:49:10 kernel: [    0.046881] On node 0, zone DMA32: 786 pages in unavailable ranges
Feb 13 05:49:10 kernel: [    0.046882] On node 0, zone DMA32: 6 pages in unavailable ranges
Feb 13 05:49:10 kernel: [    0.046884] On node 0, zone DMA32: 176 pages in unavailable ranges
Feb 13 05:49:10 kernel: [    0.047131] ACPI: PM-Timer IO Port: 0xb008
Feb 13 05:49:10 kernel: [    0.047132] ACPI: Local APIC address 0xfee00000
Feb 13 05:49:10 kernel: [    0.047139] ACPI: LAPIC_NMI (acpi_id[0xff] dfl dfl lint[0x1])
Feb 13 05:49:10 kernel: [    0.047161] IOAPIC[0]: apic_id 0, version 17, address 0xfec00000, GSI 0-23
Feb 13 05:49:10 kernel: [    0.047163] ACPI: INT_SRC_OVR (bus 0 bus_irq 0 global_irq 2 dfl dfl)
Feb 13 05:49:10 kernel: [    0.047164] ACPI: INT_SRC_OVR (bus 0 bus_irq 5 global_irq 5 high level)
Feb 13 05:49:10 kernel: [    0.047165] ACPI: INT_SRC_OVR (bus 0 bus_irq 9 global_irq 9 high level)
Feb 13 05:49:10 kernel: [    0.047167] ACPI: INT_SRC_OVR (bus 0 bus_irq 10 global_irq 10 high level)
Feb 13 05:49:10 kernel: [    0.047167] ACPI: INT_SRC_OVR (bus 0 bus_irq 11 global_irq 11 high level)
Feb 13 05:49:10 kernel: [    0.047168] ACPI: IRQ0 used by override.
Feb 13 05:49:10 kernel: [    0.047169] ACPI: IRQ5 used by override.
Feb 13 05:49:10 kernel: [    0.047170] ACPI: IRQ9 used by override.
Feb 13 05:49:10 kernel: [    0.047170] ACPI: IRQ10 used by override.
Feb 13 05:49:10 kernel: [    0.047171] ACPI: IRQ11 used by override.
Feb 13 05:49:10 kernel: [    0.047172] Using ACPI (MADT) for SMP configuration information
Feb 13 05:49:10 kernel: [    0.047173] ACPI: HPET id: 0x8086a201 base: 0xfed00000
Feb 13 05:49:10 kernel: [    0.047179] e820: update [mem 0x7e4f0000-0x7e4f8fff] usable ==> reserved
Feb 13 05:49:10 kernel: [    0.047194] smpboot: Allowing 2 CPUs, 0 hotplug CPUs
Feb 13 05:49:10 kernel: [    0.047217] PM: hibernation: Registered nosave memory: [mem 0x00000000-0x00000fff]
Feb 13 05:49:10 kernel: [    0.047218] PM: hibernation: Registered nosave memory: [mem 0x000a0000-0x000fffff]
Feb 13 05:49:10 kernel: [    0.047220] PM: hibernation: Registered nosave memory: [mem 0x00800000-0x00807fff]
Feb 13 05:49:10 kernel: [    0.047221] PM: hibernation: Registered nosave memory: [mem 0x0080b000-0x0080bfff]
Feb 13 05:49:10 kernel: [    0.047222] PM: hibernation: Registered nosave memory: [mem 0x00811000-0x008fffff]
Feb 13 05:49:10 kernel: [    0.047224] PM: hibernation: Registered nosave memory: [mem 0x7e4e9000-0x7e4ebfff]
Feb 13 05:49:10 kernel: [    0.047225] PM: hibernation: Registered nosave memory: [mem 0x7e4f0000-0x7e4f8fff]
Feb 13 05:49:10 kernel: [    0.047227] PM: hibernation: Registered nosave memory: [mem 0x7f4ed000-0x7f5ecfff]
Feb 13 05:49:10 kernel: [    0.047227] PM: hibernation: Registered nosave memory: [mem 0x7f5ed000-0x7f6ecfff]
Feb 13 05:49:10 kernel: [    0.047228] PM: hibernation: Registered nosave memory: [mem 0x7f6ed000-0x7f76cfff]
Feb 13 05:49:10 kernel: [    0.047228] PM: hibernation: Registered nosave memory: [mem 0x7f76d000-0x7f77efff]
Feb 13 05:49:10 kernel: [    0.047229] PM: hibernation: Registered nosave memory: [mem 0x7f77f000-0x7f7fefff]
Feb 13 05:49:10 kernel: [    0.047230] PM: hibernation: Registered nosave memory: [mem 0x7ff03000-0x7ff06fff]
Feb 13 05:49:10 kernel: [    0.047231] PM: hibernation: Registered nosave memory: [mem 0x7ff07000-0x7ff08fff]
Feb 13 05:49:10 kernel: [    0.047232] [mem 0x80000000-0xfeffbfff] available for PCI devices
Feb 13 05:49:10 kernel: [    0.047233] Booting paravirtualized kernel on KVM
Feb 13 05:49:10 kernel: [    0.047235] clocksource: refined-jiffies: mask: 0xffffffff max_cycles: 0xffffffff, max_idle_ns: 7645519600211568 ns
Feb 13 05:49:10 kernel: [    0.050512] setup_percpu: NR_CPUS:8192 nr_cpumask_bits:2 nr_cpu_ids:2 nr_node_ids:1
Feb 13 05:49:10 kernel: [    0.050820] percpu: Embedded 63 pages/cpu s221184 r8192 d28672 u1048576
Feb 13 05:49:10 kernel: [    0.050826] pcpu-alloc: s221184 r8192 d28672 u1048576 alloc=1*2097152
Feb 13 05:49:10 kernel: [    0.050827] pcpu-alloc: [0] 0 1 
Feb 13 05:49:10 kernel: [    0.050855] kvm-guest: stealtime: cpu 0, msr 7c235080
Feb 13 05:49:10 kernel: [    0.050857] kvm-guest: PV spinlocks disabled, no host support
Feb 13 05:49:10 kernel: [    0.050860] Built 1 zonelists, mobility grouping on.  Total pages: 512971
Feb 13 05:49:10 kernel: [    0.050861] Policy zone: DMA32
Feb 13 05:49:10 kernel: [    0.050862] Kernel command line: BOOT_IMAGE=/install.amd/vmlinuz auto=true priority=critical vga=788 --- quiet
Feb 13 05:49:10 kernel: [    0.051197] Dentry cache hash table entries: 262144 (order: 9, 2097152 bytes, linear)
Feb 13 05:49:10 kernel: [    0.051434] Inode-cache hash table entries: 131072 (order: 8, 1048576 bytes, linear)
Feb 13 05:49:10 kernel: [    0.051456] mem auto-init: stack:off, heap alloc:on, heap free:off
Feb 13 05:49:10 kernel: [    0.051458] AGP: Checking aperture...
Feb 13 05:49:10 kernel: [    0.093258] AGP: No AGP bridge found
Feb 13 05:49:10 kernel: [    0.095253] Memory: 208640K/2091900K available (12295K kernel code, 2536K rwdata, 7556K rodata, 2664K init, 5468K bss, 129260K reserved, 0K cma-reserved)
Feb 13 05:49:10 kernel: [    0.095411] SLUB: HWalign=64, Order=0-3, MinObjects=0, CPUs=2, Nodes=1
Feb 13 05:49:10 kernel: [    0.095423] ftrace: allocating 36508 entries in 143 pages
Feb 13 05:49:10 kernel: [    0.110852] ftrace: allocated 143 pages with 5 groups
Feb 13 05:49:10 kernel: [    0.111228] rcu: Hierarchical RCU implementation.
Feb 13 05:49:10 kernel: [    0.111229] rcu: 	RCU restricting CPUs from NR_CPUS=8192 to nr_cpu_ids=2.
Feb 13 05:49:10 kernel: [    0.111229] 	Rude variant of Tasks RCU enabled.
Feb 13 05:49:10 kernel: [    0.111230] 	Tracing variant of Tasks RCU enabled.
Feb 13 05:49:10 kernel: [    0.111230] rcu: RCU calculated value of scheduler-enlistment delay is 25 jiffies.
Feb 13 05:49:10 kernel: [    0.111231] rcu: Adjusting geometry for rcu_fanout_leaf=16, nr_cpu_ids=2
Feb 13 05:49:10 kernel: [    0.114468] NR_IRQS: 524544, nr_irqs: 440, preallocated irqs: 16
Feb 13 05:49:10 kernel: [    0.114649] Console: colour dummy device 80x25
Feb 13 05:49:10 kernel: [    0.114659] printk: console [tty0] enabled
Feb 13 05:49:10 kernel: [    0.114671] ACPI: Core revision 20200925
Feb 13 05:49:10 kernel: [    0.114850] clocksource: hpet: mask: 0xffffffff max_cycles: 0xffffffff, max_idle_ns: 19112604467 ns
Feb 13 05:49:10 kernel: [    0.114962] APIC: Switch to symmetric I/O mode setup
Feb 13 05:49:10 kernel: [    0.115151] x2apic enabled
Feb 13 05:49:10 kernel: [    0.115370] Switched APIC routing to physical x2apic.
Feb 13 05:49:10 kernel: [    0.116204] ..TIMER: vector=0x30 apic1=0 pin1=2 apic2=-1 pin2=-1
Feb 13 05:49:10 kernel: [    0.116225] tsc: Marking TSC unstable due to TSCs unsynchronized
Feb 13 05:49:10 kernel: [    0.116228] Calibrating delay loop (skipped) preset value.. 6199.99 BogoMIPS (lpj=12399992)
Feb 13 05:49:10 kernel: [    0.116230] pid_max: default: 32768 minimum: 301
Feb 13 05:49:10 kernel: [    0.117495] LSM: Security Framework initializing
Feb 13 05:49:10 kernel: [    0.117504] Yama: disabled by default; enable with sysctl kernel.yama.*
Feb 13 05:49:10 kernel: [    0.117530] AppArmor: AppArmor initialized
Feb 13 05:49:10 kernel: [    0.117531] TOMOYO Linux initialized
Feb 13 05:49:10 kernel: [    0.117552] Mount-cache hash table entries: 4096 (order: 3, 32768 bytes, linear)
Feb 13 05:49:10 kernel: [    0.117555] Mountpoint-cache hash table entries: 4096 (order: 3, 32768 bytes, linear)
Feb 13 05:49:10 kernel: [    0.117846] process: using AMD E400 aware idle routine
Feb 13 05:49:10 kernel: [    0.117850] Last level iTLB entries: 4KB 512, 2MB 255, 4MB 127
Feb 13 05:49:10 kernel: [    0.117850] Last level dTLB entries: 4KB 512, 2MB 255, 4MB 127, 1GB 0
Feb 13 05:49:10 kernel: [    0.117852] Spectre V1 : Mitigation: usercopy/swapgs barriers and __user pointer sanitization
Feb 13 05:49:10 kernel: [    0.117853] Spectre V2 : Mitigation: Retpolines
Feb 13 05:49:10 kernel: [    0.117854] Spectre V2 : Spectre v2 / SpectreRSB mitigation: Filling RSB on context switch
Feb 13 05:49:10 kernel: [    0.117854] Spectre V2 : Spectre v2 / SpectreRSB : Filling RSB on VMEXIT
Feb 13 05:49:10 kernel: [    0.127431] Freeing SMP alternatives memory: 32K
Feb 13 05:49:10 kernel: [    0.236670] smpboot: CPU0: AMD QEMU Virtual CPU version 2.5+ (family: 0xf, model: 0x6b, stepping: 0x1)
Feb 13 05:49:10 kernel: [    0.236778] Performance Events: AMD PMU driver.
Feb 13 05:49:10 kernel: [    0.236789] ... version:                0
Feb 13 05:49:10 kernel: [    0.236790] ... bit width:              48
Feb 13 05:49:10 kernel: [    0.236790] ... generic registers:      4
Feb 13 05:49:10 kernel: [    0.236791] ... value mask:             0000ffffffffffff
Feb 13 05:49:10 kernel: [    0.236791] ... max period:             00007fffffffffff
Feb 13 05:49:10 kernel: [    0.236792] ... fixed-purpose events:   0
Feb 13 05:49:10 kernel: [    0.236792] ... event mask:             000000000000000f
Feb 13 05:49:10 kernel: [    0.236917] rcu: Hierarchical SRCU implementation.
Feb 13 05:49:10 kernel: [    0.237217] smp: Bringing up secondary CPUs ...
Feb 13 05:49:10 kernel: [    0.237298] x86: Booting SMP configuration:
Feb 13 05:49:10 kernel: [    0.237299] .... node  #0, CPUs:      #1
Feb 13 05:49:10 kernel: [    0.001595] kvm-clock: cpu 1, msr ea01041, secondary cpu clock
Feb 13 05:49:10 kernel: [    0.237711] kvm-guest: stealtime: cpu 1, msr 7c335080
Feb 13 05:49:10 kernel: [    0.237711] smp: Brought up 1 node, 2 CPUs
Feb 13 05:49:10 kernel: [    0.237711] smpboot: Max logical packages: 1
Feb 13 05:49:10 kernel: [    0.237711] smpboot: Total of 2 processors activated (12399.99 BogoMIPS)
Feb 13 05:49:10 kernel: [    0.241887] node 0 deferred pages initialised in 4ms
Feb 13 05:49:10 kernel: [    0.241930] devtmpfs: initialized
Feb 13 05:49:10 kernel: [    0.241930] x86/mm: Memory block size: 128MB
Feb 13 05:49:10 kernel: [    0.241930] PM: Registering ACPI NVS region [mem 0x00800000-0x00807fff] (32768 bytes)
Feb 13 05:49:10 kernel: [    0.241930] PM: Registering ACPI NVS region [mem 0x0080b000-0x0080bfff] (4096 bytes)
Feb 13 05:49:10 kernel: [    0.241930] PM: Registering ACPI NVS region [mem 0x00811000-0x008fffff] (978944 bytes)
Feb 13 05:49:10 kernel: [    0.241930] PM: Registering ACPI NVS region [mem 0x7f77f000-0x7f7fefff] (524288 bytes)
Feb 13 05:49:10 kernel: [    0.241930] PM: Registering ACPI NVS region [mem 0x7ff07000-0x7ff08fff] (8192 bytes)
Feb 13 05:49:10 kernel: [    0.241930] PM: Registering ACPI NVS region [mem 0x7ff70000-0x7fffffff] (589824 bytes)
Feb 13 05:49:10 kernel: [    0.241930] clocksource: jiffies: mask: 0xffffffff max_cycles: 0xffffffff, max_idle_ns: 7645041785100000 ns
Feb 13 05:49:10 kernel: [    0.241930] futex hash table entries: 512 (order: 3, 32768 bytes, linear)
Feb 13 05:49:10 kernel: [    0.241930] pinctrl core: initialized pinctrl subsystem
Feb 13 05:49:10 kernel: [    0.241930] NET: Registered protocol family 16
Feb 13 05:49:10 kernel: [    0.241930] DMA: preallocated 256 KiB GFP_KERNEL pool for atomic allocations
Feb 13 05:49:10 kernel: [    0.241930] DMA: preallocated 256 KiB GFP_KERNEL|GFP_DMA pool for atomic allocations
Feb 13 05:49:10 kernel: [    0.241930] DMA: preallocated 256 KiB GFP_KERNEL|GFP_DMA32 pool for atomic allocations
Feb 13 05:49:10 kernel: [    0.241930] audit: initializing netlink subsys (disabled)
Feb 13 05:49:10 kernel: [    0.241930] audit: type=2000 audit(1739425750.278:1): state=initialized audit_enabled=0 res=1
Feb 13 05:49:10 kernel: [    0.241930] thermal_sys: Registered thermal governor 'fair_share'
Feb 13 05:49:10 kernel: [    0.241930] thermal_sys: Registered thermal governor 'bang_bang'
Feb 13 05:49:10 kernel: [    0.241930] thermal_sys: Registered thermal governor 'step_wise'
Feb 13 05:49:10 kernel: [    0.241930] thermal_sys: Registered thermal governor 'user_space'
Feb 13 05:49:10 kernel: [    0.241930] thermal_sys: Registered thermal governor 'power_allocator'
Feb 13 05:49:10 kernel: [    0.241930] cpuidle: using governor ladder
Feb 13 05:49:10 kernel: [    0.241930] cpuidle: using governor menu
Feb 13 05:49:10 kernel: [    0.241930] ACPI: bus type PCI registered
Feb 13 05:49:10 kernel: [    0.241930] acpiphp: ACPI Hot Plug PCI Controller Driver version: 0.5
Feb 13 05:49:10 kernel: [    0.241930] PCI: Using configuration type 1 for base access
Feb 13 05:49:10 kernel: [    0.244697] Kprobes globally optimized
Feb 13 05:49:10 kernel: [    0.244703] HugeTLB registered 2.00 MiB page size, pre-allocated 0 pages
Feb 13 05:49:10 kernel: [    0.332410] ACPI: Added _OSI(Module Device)
Feb 13 05:49:10 kernel: [    0.332410] ACPI: Added _OSI(Processor Device)
Feb 13 05:49:10 kernel: [    0.332410] ACPI: Added _OSI(3.0 _SCP Extensions)
Feb 13 05:49:10 kernel: [    0.332410] ACPI: Added _OSI(Processor Aggregator Device)
Feb 13 05:49:10 kernel: [    0.332410] ACPI: Added _OSI(Linux-Dell-Video)
Feb 13 05:49:10 kernel: [    0.332410] ACPI: Added _OSI(Linux-Lenovo-NV-HDMI-Audio)
Feb 13 05:49:10 kernel: [    0.332410] ACPI: Added _OSI(Linux-HPI-Hybrid-Graphics)
Feb 13 05:49:10 kernel: [    0.332865] ACPI: 1 ACPI AML tables successfully acquired and loaded
Feb 13 05:49:10 kernel: [    0.333283] ACPI: Interpreter enabled
Feb 13 05:49:10 kernel: [    0.333292] ACPI: (supports S0 S3 S4 S5)
Feb 13 05:49:10 kernel: [    0.333293] ACPI: Using IOAPIC for interrupt routing
Feb 13 05:49:10 kernel: [    0.333303] PCI: Using host bridge windows from ACPI; if necessary, use "pci=nocrs" and report a bug
Feb 13 05:49:10 kernel: [    0.333372] ACPI: Enabled 2 GPEs in block 00 to 0F
Feb 13 05:49:10 kernel: [    0.334908] ACPI: PCI Root Bridge [PCI0] (domain 0000 [bus 00-ff])
Feb 13 05:49:10 kernel: [    0.334911] acpi PNP0A03:00: _OSC: OS supports [ASPM ClockPM Segments MSI HPX-Type3]
Feb 13 05:49:10 kernel: [    0.334917] acpi PNP0A03:00: fail to add MMCONFIG information, can't access extended PCI configuration space under this bridge.
Feb 13 05:49:10 kernel: [    0.336353] acpiphp: Slot [3] registered
Feb 13 05:49:10 kernel: [    0.336365] acpiphp: Slot [4] registered
Feb 13 05:49:10 kernel: [    0.336376] acpiphp: Slot [5] registered
Feb 13 05:49:10 kernel: [    0.336390] acpiphp: Slot [6] registered
Feb 13 05:49:10 kernel: [    0.336402] acpiphp: Slot [7] registered
Feb 13 05:49:10 kernel: [    0.336413] acpiphp: Slot [8] registered
Feb 13 05:49:10 kernel: [    0.336424] acpiphp: Slot [9] registered
Feb 13 05:49:10 kernel: [    0.336434] acpiphp: Slot [10] registered
Feb 13 05:49:10 kernel: [    0.336445] acpiphp: Slot [11] registered
Feb 13 05:49:10 kernel: [    0.336457] acpiphp: Slot [12] registered
Feb 13 05:49:10 kernel: [    0.336468] acpiphp: Slot [13] registered
Feb 13 05:49:10 kernel: [    0.336479] acpiphp: Slot [14] registered
Feb 13 05:49:10 kernel: [    0.336489] acpiphp: Slot [15] registered
Feb 13 05:49:10 kernel: [    0.336500] acpiphp: Slot [16] registered
Feb 13 05:49:10 kernel: [    0.336510] acpiphp: Slot [17] registered
Feb 13 05:49:10 kernel: [    0.336521] acpiphp: Slot [18] registered
Feb 13 05:49:10 kernel: [    0.336533] acpiphp: Slot [19] registered
Feb 13 05:49:10 kernel: [    0.336543] acpiphp: Slot [20] registered
Feb 13 05:49:10 kernel: [    0.336554] acpiphp: Slot [21] registered
Feb 13 05:49:10 kernel: [    0.336564] acpiphp: Slot [22] registered
Feb 13 05:49:10 kernel: [    0.336575] acpiphp: Slot [23] registered
Feb 13 05:49:10 kernel: [    0.336585] acpiphp: Slot [24] registered
Feb 13 05:49:10 kernel: [    0.336598] acpiphp: Slot [25] registered
Feb 13 05:49:10 kernel: [    0.336608] acpiphp: Slot [26] registered
Feb 13 05:49:10 kernel: [    0.336619] acpiphp: Slot [27] registered
Feb 13 05:49:10 kernel: [    0.336629] acpiphp: Slot [28] registered
Feb 13 05:49:10 kernel: [    0.336640] acpiphp: Slot [29] registered
Feb 13 05:49:10 kernel: [    0.336650] acpiphp: Slot [30] registered
Feb 13 05:49:10 kernel: [    0.336661] acpiphp: Slot [31] registered
Feb 13 05:49:10 kernel: [    0.336669] PCI host bridge to bus 0000:00
Feb 13 05:49:10 kernel: [    0.336670] pci_bus 0000:00: root bus resource [io  0x0000-0x0cf7 window]
Feb 13 05:49:10 kernel: [    0.336671] pci_bus 0000:00: root bus resource [io  0x0d00-0xffff window]
Feb 13 05:49:10 kernel: [    0.336672] pci_bus 0000:00: root bus resource [mem 0x000a0000-0x000bffff window]
Feb 13 05:49:10 kernel: [    0.336673] pci_bus 0000:00: root bus resource [mem 0x80000000-0xfebfffff window]
Feb 13 05:49:10 kernel: [    0.336674] pci_bus 0000:00: root bus resource [mem 0xc000000000-0xc07fffffff window]
Feb 13 05:49:10 kernel: [    0.336674] pci_bus 0000:00: root bus resource [bus 00-ff]
Feb 13 05:49:10 kernel: [    0.336702] pci 0000:00:00.0: [8086:1237] type 00 class 0x060000
Feb 13 05:49:10 kernel: [    0.337043] pci 0000:00:01.0: [8086:7000] type 00 class 0x060100
Feb 13 05:49:10 kernel: [    0.337466] pci 0000:00:01.1: [8086:7010] type 00 class 0x010180
Feb 13 05:49:10 kernel: [    0.340230] pci 0000:00:01.1: reg 0x20: [io  0xc020-0xc02f]
Feb 13 05:49:10 kernel: [    0.341308] pci 0000:00:01.1: legacy IDE quirk: reg 0x10: [io  0x01f0-0x01f7]
Feb 13 05:49:10 kernel: [    0.341309] pci 0000:00:01.1: legacy IDE quirk: reg 0x14: [io  0x03f6]
Feb 13 05:49:10 kernel: [    0.341310] pci 0000:00:01.1: legacy IDE quirk: reg 0x18: [io  0x0170-0x0177]
Feb 13 05:49:10 kernel: [    0.341311] pci 0000:00:01.1: legacy IDE quirk: reg 0x1c: [io  0x0376]
Feb 13 05:49:10 kernel: [    0.341465] pci 0000:00:01.3: [8086:7113] type 00 class 0x068000
Feb 13 05:49:10 kernel: [    0.341815] pci 0000:00:01.3: quirk: [io  0xb000-0xb03f] claimed by PIIX4 ACPI
Feb 13 05:49:10 kernel: [    0.341821] pci 0000:00:01.3: quirk: [io  0xb100-0xb10f] claimed by PIIX4 SMB
Feb 13 05:49:10 kernel: [    0.341996] pci 0000:00:02.0: [1234:1111] type 00 class 0x030000
Feb 13 05:49:10 kernel: [    0.344229] pci 0000:00:02.0: reg 0x10: [mem 0x80000000-0x80ffffff pref]
Feb 13 05:49:10 kernel: [    0.347055] pci 0000:00:02.0: reg 0x18: [mem 0x81041000-0x81041fff]
Feb 13 05:49:10 kernel: [    0.351736] pci 0000:00:02.0: reg 0x30: [mem 0xffff0000-0xffffffff pref]
Feb 13 05:49:10 kernel: [    0.351768] pci 0000:00:02.0: BAR 0: assigned to efifb
Feb 13 05:49:10 kernel: [    0.352272] pci 0000:00:03.0: [1af4:1000] type 00 class 0x020000
Feb 13 05:49:10 kernel: [    0.353144] pci 0000:00:03.0: reg 0x10: [io  0xc000-0xc01f]
Feb 13 05:49:10 kernel: [    0.353860] pci 0000:00:03.0: reg 0x14: [mem 0x81040000-0x81040fff]
Feb 13 05:49:10 kernel: [    0.357625] pci 0000:00:03.0: reg 0x20: [mem 0xc000000000-0xc000003fff 64bit pref]
Feb 13 05:49:10 kernel: [    0.358918] pci 0000:00:03.0: reg 0x30: [mem 0xfffc0000-0xffffffff pref]
Feb 13 05:49:10 kernel: [    0.360735] ACPI: PCI Interrupt Link [LNKA] (IRQs 5 *10 11)
Feb 13 05:49:10 kernel: [    0.360861] ACPI: PCI Interrupt Link [LNKB] (IRQs 5 *10 11)
Feb 13 05:49:10 kernel: [    0.360952] ACPI: PCI Interrupt Link [LNKC] (IRQs 5 10 *11)
Feb 13 05:49:10 kernel: [    0.361041] ACPI: PCI Interrupt Link [LNKD] (IRQs 5 10 *11)
Feb 13 05:49:10 kernel: [    0.361098] ACPI: PCI Interrupt Link [LNKS] (IRQs *9)
Feb 13 05:49:10 kernel: [    0.361309] iommu: Default domain type: Translated 
Feb 13 05:49:10 kernel: [    0.361331] pci 0000:00:02.0: vgaarb: setting as boot VGA device
Feb 13 05:49:10 kernel: [    0.361331] pci 0000:00:02.0: vgaarb: VGA device added: decodes=io+mem,owns=io+mem,locks=none
Feb 13 05:49:10 kernel: [    0.361331] pci 0000:00:02.0: vgaarb: bridge control possible
Feb 13 05:49:10 kernel: [    0.361331] vgaarb: loaded
Feb 13 05:49:10 kernel: [    0.361331] EDAC MC: Ver: 3.0.0
Feb 13 05:49:10 kernel: [    0.361331] Registered efivars operations
Feb 13 05:49:10 kernel: [    0.361331] NetLabel: Initializing
Feb 13 05:49:10 kernel: [    0.361331] NetLabel:  domain hash size = 128
Feb 13 05:49:10 kernel: [    0.361331] NetLabel:  protocols = UNLABELED CIPSOv4 CALIPSO
Feb 13 05:49:10 kernel: [    0.361331] NetLabel:  unlabeled traffic allowed by default
Feb 13 05:49:10 kernel: [    0.361331] PCI: Using ACPI for IRQ routing
Feb 13 05:49:10 kernel: [    0.361331] PCI: pci_cache_line_size set to 64 bytes
Feb 13 05:49:10 kernel: [    0.361331] e820: reserve RAM buffer [mem 0x0080b000-0x008fffff]
Feb 13 05:49:10 kernel: [    0.361331] e820: reserve RAM buffer [mem 0x00811000-0x008fffff]
Feb 13 05:49:10 kernel: [    0.361331] e820: reserve RAM buffer [mem 0x7e4e9000-0x7fffffff]
Feb 13 05:49:10 kernel: [    0.361331] e820: reserve RAM buffer [mem 0x7e4f0000-0x7fffffff]
Feb 13 05:49:10 kernel: [    0.361331] e820: reserve RAM buffer [mem 0x7f4ed000-0x7fffffff]
Feb 13 05:49:10 kernel: [    0.361331] e820: reserve RAM buffer [mem 0x7ff03000-0x7fffffff]
Feb 13 05:49:10 kernel: [    0.361331] e820: reserve RAM buffer [mem 0x7ff50000-0x7fffffff]
Feb 13 05:49:10 kernel: [    0.361331] hpet: 3 channels of 0 reserved for per-cpu timers
Feb 13 05:49:10 kernel: [    0.361331] hpet0: at MMIO 0xfed00000, IRQs 2, 8, 0
Feb 13 05:49:10 kernel: [    0.361331] hpet0: 3 comparators, 64-bit 100.000000 MHz counter
Feb 13 05:49:10 kernel: [    0.366327] clocksource: Switched to clocksource kvm-clock
Feb 13 05:49:10 kernel: [    0.373045] VFS: Disk quotas dquot_6.6.0
Feb 13 05:49:10 kernel: [    0.373058] VFS: Dquot-cache hash table entries: 512 (order 0, 4096 bytes)
Feb 13 05:49:10 kernel: [    0.373155] AppArmor: AppArmor Filesystem Enabled
Feb 13 05:49:10 kernel: [    0.373168] pnp: PnP ACPI init
Feb 13 05:49:10 kernel: [    0.373222] pnp 00:00: Plug and Play ACPI device, IDs PNP0303 (active)
Feb 13 05:49:10 kernel: [    0.373236] pnp 00:01: Plug and Play ACPI device, IDs PNP0f13 (active)
Feb 13 05:49:10 kernel: [    0.373245] pnp 00:02: [dma 2]
Feb 13 05:49:10 kernel: [    0.373254] pnp 00:02: Plug and Play ACPI device, IDs PNP0700 (active)
Feb 13 05:49:10 kernel: [    0.373266] pnp 00:03: Plug and Play ACPI device, IDs PNP0400 (active)
Feb 13 05:49:10 kernel: [    0.373279] pnp 00:04: Plug and Play ACPI device, IDs PNP0501 (active)
Feb 13 05:49:10 kernel: [    0.373289] pnp 00:05: Plug and Play ACPI device, IDs PNP0b00 (active)
Feb 13 05:49:10 kernel: [    0.373457] pnp: PnP ACPI: found 6 devices
Feb 13 05:49:10 kernel: [    0.379875] clocksource: acpi_pm: mask: 0xffffff max_cycles: 0xffffff, max_idle_ns: 2085701024 ns
Feb 13 05:49:10 kernel: [    0.379940] NET: Registered protocol family 2
Feb 13 05:49:10 kernel: [    0.379967] IP idents hash table entries: 32768 (order: 6, 262144 bytes, linear)
Feb 13 05:49:10 kernel: [    0.380276] tcp_listen_portaddr_hash hash table entries: 1024 (order: 2, 16384 bytes, linear)
Feb 13 05:49:10 kernel: [    0.380294] TCP established hash table entries: 16384 (order: 5, 131072 bytes, linear)
Feb 13 05:49:10 kernel: [    0.380322] TCP bind hash table entries: 16384 (order: 6, 262144 bytes, linear)
Feb 13 05:49:10 kernel: [    0.380349] TCP: Hash tables configured (established 16384 bind 16384)
Feb 13 05:49:10 kernel: [    0.380373] UDP hash table entries: 1024 (order: 3, 32768 bytes, linear)
Feb 13 05:49:10 kernel: [    0.380379] UDP-Lite hash table entries: 1024 (order: 3, 32768 bytes, linear)
Feb 13 05:49:10 kernel: [    0.380411] NET: Registered protocol family 1
Feb 13 05:49:10 kernel: [    0.380415] NET: Registered protocol family 44
Feb 13 05:49:10 kernel: [    0.380419] pci 0000:00:02.0: can't claim BAR 6 [mem 0xffff0000-0xffffffff pref]: no compatible bridge window
Feb 13 05:49:10 kernel: [    0.380421] pci 0000:00:03.0: can't claim BAR 6 [mem 0xfffc0000-0xffffffff pref]: no compatible bridge window
Feb 13 05:49:10 kernel: [    0.380426] pci 0000:00:03.0: BAR 6: assigned [mem 0x81000000-0x8103ffff pref]
Feb 13 05:49:10 kernel: [    0.380428] pci 0000:00:02.0: BAR 6: assigned [mem 0x81050000-0x8105ffff pref]
Feb 13 05:49:10 kernel: [    0.380430] pci_bus 0000:00: resource 4 [io  0x0000-0x0cf7 window]
Feb 13 05:49:10 kernel: [    0.380431] pci_bus 0000:00: resource 5 [io  0x0d00-0xffff window]
Feb 13 05:49:10 kernel: [    0.380432] pci_bus 0000:00: resource 6 [mem 0x000a0000-0x000bffff window]
Feb 13 05:49:10 kernel: [    0.380433] pci_bus 0000:00: resource 7 [mem 0x80000000-0xfebfffff window]
Feb 13 05:49:10 kernel: [    0.380433] pci_bus 0000:00: resource 8 [mem 0xc000000000-0xc07fffffff window]
Feb 13 05:49:10 kernel: [    0.380465] pci 0000:00:01.0: PIIX3: Enabling Passive Release
Feb 13 05:49:10 kernel: [    0.380475] pci 0000:00:00.0: Limiting direct PCI/PCI transfers
Feb 13 05:49:10 kernel: [    0.380483] pci 0000:00:01.0: Activating ISA DMA hang workarounds
Feb 13 05:49:10 kernel: [    0.380525] pci 0000:00:02.0: Video device with shadowed ROM at [mem 0x000c0000-0x000dffff]
Feb 13 05:49:10 kernel: [    0.380538] PCI: CLS 0 bytes, default 64
Feb 13 05:49:10 kernel: [    0.380566] Trying to unpack rootfs image as initramfs...
Feb 13 05:49:10 kernel: [    0.586321] Freeing initrd memory: 17436K
Feb 13 05:49:10 kernel: [    0.586770] Initialise system trusted keyrings
Feb 13 05:49:10 kernel: [    0.586784] Key type blacklist registered
Feb 13 05:49:10 kernel: [    0.586865] workingset: timestamp_bits=36 max_order=19 bucket_order=0
Feb 13 05:49:10 kernel: [    0.587764] zbud: loaded
Feb 13 05:49:10 kernel: [    0.587934] integrity: Platform Keyring initialized
Feb 13 05:49:10 kernel: [    0.587936] Key type asymmetric registered
Feb 13 05:49:10 kernel: [    0.587937] Asymmetric key parser 'x509' registered
Feb 13 05:49:10 kernel: [    0.587944] Block layer SCSI generic (bsg) driver version 0.4 loaded (major 251)
Feb 13 05:49:10 kernel: [    0.587987] io scheduler mq-deadline registered
Feb 13 05:49:10 kernel: [    0.588423] shpchp: Standard Hot Plug PCI Controller Driver version: 0.4
Feb 13 05:49:10 kernel: [    0.588432] efifb: probing for efifb
Feb 13 05:49:10 kernel: [    0.588441] efifb: framebuffer at 0x80000000, using 1408k, total 1408k
Feb 13 05:49:10 kernel: [    0.588441] efifb: mode is 800x600x24, linelength=2400, pages=1
Feb 13 05:49:10 kernel: [    0.588441] efifb: scrolling: redraw
Feb 13 05:49:10 kernel: [    0.588442] efifb: Truecolor: size=0:8:8:8, shift=0:16:8:0
Feb 13 05:49:10 kernel: [    0.588526] Console: switching to colour frame buffer device 100x37
Feb 13 05:49:10 kernel: [    0.590090] fb0: EFI VGA frame buffer device
Feb 13 05:49:10 kernel: [    0.590324] Serial: 8250/16550 driver, 4 ports, IRQ sharing enabled
Feb 13 05:49:10 kernel: [    0.590640] 00:04: ttyS0 at I/O 0x3f8 (irq = 4, base_baud = 115200) is a 16550A
Feb 13 05:49:10 kernel: [    0.591018] Linux agpgart interface v0.103
Feb 13 05:49:10 kernel: [    0.591072] AMD-Vi: AMD IOMMUv2 functionality not available on this system - This is not a bug.
Feb 13 05:49:10 kernel: [    0.591219] i8042: PNP: PS/2 Controller [PNP0303:KBD,PNP0f13:MOU] at 0x60,0x64 irq 1,12
Feb 13 05:49:10 kernel: [    0.591842] serio: i8042 KBD port at 0x60,0x64 irq 1
Feb 13 05:49:10 kernel: [    0.591847] serio: i8042 AUX port at 0x60,0x64 irq 12
Feb 13 05:49:10 kernel: [    0.591955] mousedev: PS/2 mouse device common for all mice
Feb 13 05:49:10 kernel: [    0.592187] input: AT Translated Set 2 keyboard as /devices/platform/i8042/serio0/input/input0
Feb 13 05:49:10 kernel: [    0.592339] rtc_cmos 00:05: RTC can wake from S4
Feb 13 05:49:10 kernel: [    0.592742] rtc_cmos 00:05: registered as rtc0
Feb 13 05:49:10 kernel: [    0.592794] rtc_cmos 00:05: setting system clock to 2025-02-13T05:49:09 UTC (1739425749)
Feb 13 05:49:10 kernel: [    0.592806] rtc_cmos 00:05: alarms up to one day, y3k, 242 bytes nvram, hpet irqs
Feb 13 05:49:10 kernel: [    0.592832] ledtrig-cpu: registered to indicate activity on CPUs
Feb 13 05:49:10 kernel: [    0.593002] NET: Registered protocol family 10
Feb 13 05:49:10 kernel: [    0.595616] Segment Routing with IPv6
Feb 13 05:49:10 kernel: [    0.595633] mip6: Mobile IPv6
Feb 13 05:49:10 kernel: [    0.595635] NET: Registered protocol family 17
Feb 13 05:49:10 kernel: [    0.595669] mpls_gso: MPLS GSO support
Feb 13 05:49:10 kernel: [    0.595785] IPI shorthand broadcast: enabled
Feb 13 05:49:10 kernel: [    0.595790] sched_clock: Marking stable (598137105, -2404630)->(598925267, -3192792)
Feb 13 05:49:10 kernel: [    0.595854] registered taskstats version 1
Feb 13 05:49:10 kernel: [    0.595856] Loading compiled-in X.509 certificates
Feb 13 05:49:10 kernel: [    0.616864] Loaded X.509 cert 'Debian Secure Boot CA: 6ccece7e4c6c0d1f6149f3dd27dfcc5cbb419ea1'
Feb 13 05:49:10 kernel: [    0.616877] Loaded X.509 cert 'Debian Secure Boot Signer 2022 - linux: 14011249c2675ea8e5148542202005810584b25f'
Feb 13 05:49:10 kernel: [    0.616901] zswap: loaded using pool lzo/zbud
Feb 13 05:49:10 kernel: [    0.617004] Key type .fscrypt registered
Feb 13 05:49:10 kernel: [    0.617005] Key type fscrypt-provisioning registered
Feb 13 05:49:10 kernel: [    0.617034] AppArmor: AppArmor sha1 policy hashing enabled
Feb 13 05:49:10 kernel: [    0.618132] Freeing unused decrypted memory: 2036K
Feb 13 05:49:10 kernel: [    0.618453] Freeing unused kernel image (initmem) memory: 2664K
Feb 13 05:49:10 kernel: [    0.632298] Write protecting the kernel read-only data: 22528k
Feb 13 05:49:10 kernel: [    0.632832] Freeing unused kernel image (text/rodata gap) memory: 2040K
Feb 13 05:49:10 kernel: [    0.632974] Freeing unused kernel image (rodata/data gap) memory: 636K
Feb 13 05:49:10 kernel: [    0.683184] x86/mm: Checked W+X mappings: passed, no W+X pages found.
Feb 13 05:49:10 kernel: [    0.683192] Run /init as init process
Feb 13 05:49:10 kernel: [    0.683193]   with arguments:
Feb 13 05:49:10 kernel: [    0.683193]     /init
Feb 13 05:49:10 kernel: [    0.683194]     ---
Feb 13 05:49:10 kernel: [    0.683194]   with environment:
Feb 13 05:49:10 kernel: [    0.683195]     HOME=/
Feb 13 05:49:10 kernel: [    0.683195]     TERM=linux
Feb 13 05:49:10 kernel: [    0.683195]     BOOT_IMAGE=/install.amd/vmlinuz
Feb 13 05:49:10 kernel: [    0.683196]     auto=true
Feb 13 05:49:10 kernel: [    0.683196]     priority=critical
Feb 13 05:49:10 kernel: [    0.683196]     vga=788
Feb 13 05:49:10 kernel: [    0.717320] SCSI subsystem initialized
Feb 13 05:49:10 kernel: [    0.725290] libata version 3.00 loaded.
Feb 13 05:49:10 kernel: [    0.726215] ata_piix 0000:00:01.1: version 2.13
Feb 13 05:49:10 kernel: [    0.726628] scsi host0: ata_piix
Feb 13 05:49:10 kernel: [    0.726747] scsi host1: ata_piix
Feb 13 05:49:10 kernel: [    0.726774] ata1: PATA max MWDMA2 cmd 0x1f0 ctl 0x3f6 bmdma 0xc020 irq 14
Feb 13 05:49:10 kernel: [    0.726774] ata2: PATA max MWDMA2 cmd 0x170 ctl 0x376 bmdma 0xc028 irq 15
Feb 13 05:49:10 kernel: [    0.746790] PCI Interrupt Link [LNKC] enabled at IRQ 11
Feb 13 05:49:10 kernel: [    0.884967] ata2.01: NODEV after polling detection
Feb 13 05:49:10 kernel: [    0.885633] ata2.00: ATAPI: QEMU DVD-ROM, 2.5+, max UDMA/100
Feb 13 05:49:10 kernel: [    0.885787] ata1.00: ATA-7: QEMU HARDDISK, 2.5+, max UDMA/100
Feb 13 05:49:10 kernel: [    0.885790] ata1.00: 8388608 sectors, multi 16: LBA48 
Feb 13 05:49:10 kernel: [    0.885863] ata1.01: ATAPI: QEMU DVD-ROM, 2.5+, max UDMA/100
Feb 13 05:49:10 kernel: [    0.887913] scsi 0:0:0:0: Direct-Access     ATA      QEMU HARDDISK    2.5+ PQ: 0 ANSI: 5
Feb 13 05:49:10 kernel: [    0.888535] scsi 0:0:1:0: CD-ROM            QEMU     QEMU DVD-ROM     2.5+ PQ: 0 ANSI: 5
Feb 13 05:49:10 kernel: [    0.889751] scsi 1:0:0:0: CD-ROM            QEMU     QEMU DVD-ROM     2.5+ PQ: 0 ANSI: 5
Feb 13 05:49:10 kernel: [    0.897770] sr 0:0:1:0: [sr0] scsi3-mmc drive: 4x/4x cd/rw xa/form2 tray
Feb 13 05:49:10 kernel: [    0.897772] cdrom: Uniform CD-ROM driver Revision: 3.20
Feb 13 05:49:10 kernel: [    0.933162] sd 0:0:0:0: [sda] 8388608 512-byte logical blocks: (4.29 GB/4.00 GiB)
Feb 13 05:49:10 kernel: [    0.933189] sd 0:0:0:0: [sda] Write Protect is off
Feb 13 05:49:10 kernel: [    0.933192] sd 0:0:0:0: [sda] Mode Sense: 00 3a 00 00
Feb 13 05:49:10 kernel: [    0.933245] sd 0:0:0:0: [sda] Write cache: enabled, read cache: enabled, doesn't support DPO or FUA
Feb 13 05:49:10 kernel: [    0.964288] sr 0:0:1:0: Attached scsi CD-ROM sr0
Feb 13 05:49:10 kernel: [    0.965036] sd 0:0:0:0: [sda] Attached SCSI disk
Feb 13 05:49:10 kernel: [    0.993072] sr 1:0:0:0: [sr1] scsi3-mmc drive: 4x/4x cd/rw xa/form2 tray
Feb 13 05:49:10 kernel: [    1.052279] sr 1:0:0:0: Attached scsi CD-ROM sr1
Feb 13 05:49:10 frontend: Setting debconf/priority to critical
Feb 13 05:49:10 entropy-source: haveged needed: starting
Feb 13 05:49:10 haveged: haveged starting up
Feb 13 05:49:10 reopen-console: Found "auto" in the command line; falling back to simple mode for preseeding
Feb 13 05:49:10 reopen-console: Looking at console tty0 from /proc/consoles
Feb 13 05:49:10 reopen-console:    Adding tty0 to possible consoles list
Feb 13 05:49:10 reopen-console:    tty0 is preferred
Feb 13 05:49:10 reopen-console: Running with preseeding. Picking preferred tty0 ONLY
Feb 13 05:49:10 reopen-console: Adding inittab entry for tty0
Feb 13 05:49:10 reopen-console: Restarting init to start d-i on the console(s) we found
Feb 13 05:49:10 init: reloading /etc/inittab
Feb 13 05:49:10 init: starting pid 239, tty '/dev/tty4': '/usr/bin/tail -f /var/log/syslog'
Feb 13 05:49:10 init: starting pid 240, tty '/dev/tty0': '/sbin/debian-installer'
Feb 13 05:49:10 debconf: Setting debconf/language to en
Feb 13 05:49:10 main-menu[256]: INFO: Falling back to the package description for brltty-udeb
Feb 13 05:49:10 main-menu[256]: INFO: Falling back to the package description for brltty-udeb
Feb 13 05:49:10 main-menu[256]: INFO: Falling back to the package description for brltty-udeb
Feb 13 05:49:10 main-menu[256]: INFO: Menu item 'brltty-udeb' selected
Feb 13 05:49:10 main-menu[256]: WARNING **: Unable to set title for brltty-udeb.
Feb 13 05:49:10 main-menu[256]: INFO: Falling back to the package description for brltty-udeb
Feb 13 05:49:10 main-menu[256]: INFO: Falling back to the package description for brltty-udeb
Feb 13 05:49:10 main-menu[256]: INFO: Menu item 'cdrom-detect' selected
Feb 13 05:49:10 kernel: [    1.788424] random: crng init done
Feb 13 05:49:10 net/hw-detect.hotplug: Detected hotpluggable network interface lo
Feb 13 05:49:10 apt-install: Queueing package udev for later installation
Feb 13 05:49:10 apt-install: Queueing package pciutils for later installation
Feb 13 05:49:10 apt-install: Queueing package eject for later installation
Feb 13 05:49:10 hw-detect: skipping check-missing-firmware as requested by the caller
Feb 13 05:49:10 cdrom-detect: Searching for Debian installation media...
Feb 13 05:49:10 cdrom-detect: Devices: '/dev/sr0 /dev/sr1'
Feb 13 05:49:11 cdrom-detect: CD-ROM mount succeeded: device=/dev/sr0 fstype=iso9660
Feb 13 05:49:11 cdrom-detect: Detected CD 'Debian GNU/Linux 11.6.0 "Bullseye" - Official amd64 NETINST 20221217-10:42'
Feb 13 05:49:11 kernel: [    2.109460] ISO 9660 Extensions: Microsoft Joliet Level 3
Feb 13 05:49:11 kernel: [    2.109924] ISO 9660 Extensions: RRIP_1991A
Feb 13 05:49:11 cdrom-detect: Detected CD with 'stable' (bullseye) distribution
Feb 13 05:49:11 anna-install: Queueing udeb eject-udeb for later installation
Feb 13 05:49:11 anna-install: Queueing udeb apt-mirror-setup for later installation
Feb 13 05:49:11 anna-install: Queueing udeb apt-cdrom-setup for later installation
Feb 13 05:49:11 anna-install: Queueing udeb bullseye-support for later installation
Feb 13 05:49:11 main-menu[256]: INFO: Falling back to the package description for brltty-udeb
Feb 13 05:49:11 main-menu[256]: INFO: Falling back to the package description for brltty-udeb
Feb 13 05:49:11 main-menu[256]: INFO: Menu item 'load-cdrom' selected
Feb 13 05:49:11 cdrom-retriever: warning: File /cdrom/dists/bullseye/main/debian-installer/binary-amd64/Packages does not exist.
Feb 13 05:49:11 cdrom-retriever: warning: Unable to find contrib/debian-installer/binary-amd64/Packages in /cdrom/dists/bullseye/Release.
Feb 13 05:49:11 cdrom-retriever: warning: Unable to find contrib/debian-installer/binary-amd64/Packages.gz in /cdrom/dists/bullseye/Release.
Feb 13 05:49:11 anna[694]: DEBUG: resolver (fat-modules): package doesn't exist (ignored)
Feb 13 05:49:11 anna[694]: DEBUG: resolver (libsystemd0): package doesn't exist (ignored)
Feb 13 05:49:11 anna[694]: DEBUG: resolver (scsi-modules): package doesn't exist (ignored)
Feb 13 05:49:11 anna[694]: DEBUG: resolver (fat-modules): package doesn't exist (ignored)
Feb 13 05:49:11 anna[694]: DEBUG: resolver (libsystemd0): package doesn't exist (ignored)
Feb 13 05:49:11 anna[694]: DEBUG: resolver (scsi-modules): package doesn't exist (ignored)
Feb 13 05:49:11 anna[694]: DEBUG: retrieving apt-cdrom-setup 1:0.166
Feb 13 05:49:11 anna[694]: DEBUG: retrieving apt-mirror-setup 1:0.166
Feb 13 05:49:11 anna[694]: DEBUG: retrieving apt-setup-udeb 1:0.166
Feb 13 05:49:11 anna[694]: DEBUG: retrieving base-installer 1.206
Feb 13 05:49:11 anna[694]: DEBUG: retrieving bootstrap-base 1.206
Feb 13 05:49:11 anna[694]: DEBUG: retrieving btrfs-progs-udeb 5.10.1-2
Feb 13 05:49:11 anna[694]: DEBUG: retrieving choose-mirror-bin 2.111
Feb 13 05:49:11 anna[694]: DEBUG: retrieving clock-setup 0.155
Feb 13 05:49:11 anna[694]: DEBUG: retrieving debian-archive-keyring-udeb 2021.1.1
Feb 13 05:49:11 anna[694]: DEBUG: retrieving di-utils-mapdevfs 1.140
Feb 13 05:49:11 anna[694]: DEBUG: retrieving debootstrap-udeb 1.0.123+deb11u1
Feb 13 05:49:11 anna[694]: DEBUG: retrieving dmidecode-udeb 3.3-2
Feb 13 05:49:11 anna[694]: DEBUG: retrieving dosfstools-udeb 4.2-1
Feb 13 05:49:11 anna[694]: DEBUG: retrieving e2fsprogs-udeb 1.46.2-2
Feb 13 05:49:11 anna[694]: DEBUG: retrieving finish-install 2.104
Feb 13 05:49:12 anna[694]: DEBUG: retrieving fuse-udeb 2.9.9-5
Feb 13 05:49:12 anna[694]: DEBUG: retrieving libfuse2-udeb 2.9.9-5
Feb 13 05:49:12 anna[694]: DEBUG: retrieving gpgv-udeb 2.2.27-2+deb11u2
Feb 13 05:49:12 anna[694]: DEBUG: retrieving grub-installer 1.181
Feb 13 05:49:12 anna[694]: DEBUG: retrieving grub-mount-udeb 2.06-3~deb11u5
Feb 13 05:49:12 anna[694]: DEBUG: retrieving disk-detect 1.147
Feb 13 05:49:12 anna[694]: DEBUG: retrieving ethdetect 1.147
Feb 13 05:49:12 anna[694]: DEBUG: retrieving jfsutils-udeb 1.1.15-5
Feb 13 05:49:12 anna[694]: DEBUG: retrieving kickseed-common 0.63
Feb 13 05:49:12 anna[694]: DEBUG: retrieving libbsd0-udeb 0.11.3-1
Feb 13 05:49:12 anna[694]: DEBUG: retrieving libgcrypt20-udeb 1.8.7-6
Feb 13 05:49:12 anna[694]: DEBUG: retrieving libgpg-error0-udeb 1.38-2
Feb 13 05:49:12 anna[694]: DEBUG: retrieving libinih1-udeb 53-1+b2
Feb 13 05:49:12 anna[694]: DEBUG: retrieving libmd0-udeb 1.0.3-3
Feb 13 05:49:12 anna[694]: DEBUG: retrieving libnl-3-200-udeb 3.4.0-1+b1
Feb 13 05:49:12 anna[694]: DEBUG: retrieving libnl-genl-3-200-udeb 3.4.0-1+b1
Feb 13 05:49:12 anna[694]: DEBUG: retrieving libselinux1-udeb 3.1-3
Feb 13 05:49:12 anna[694]: DEBUG: retrieving libzstd1-udeb 1.4.8+dfsg-2.1
Feb 13 05:49:12 anna[694]: DEBUG: retrieving libdevmapper1.02.1-udeb 2:1.02.175-2.1
Feb 13 05:49:12 anna[694]: DEBUG: retrieving liblzo2-2-udeb 2.10-2
Feb 13 05:49:12 anna[694]: DEBUG: retrieving mdadm-udeb 4.1-11
Feb 13 05:49:12 anna[694]: DEBUG: retrieving ndisc6-udeb 1.0.4-2
Feb 13 05:49:12 anna[694]: DEBUG: retrieving rdnssd-udeb 1.0.4-2
Feb 13 05:49:12 anna[694]: DEBUG: retrieving netcfg 1.176
Feb 13 05:49:12 anna[694]: DEBUG: retrieving nobootloader 1.63
Feb 13 05:49:13 anna[694]: DEBUG: retrieving ntfs-3g-udeb 1:2017.3.23AR.3-4+deb11u3
Feb 13 05:49:13 anna[694]: DEBUG: retrieving open-iscsi-udeb 2.1.3-5
Feb 13 05:49:13 anna[694]: DEBUG: retrieving libisns-udeb 0.100-3
Feb 13 05:49:13 anna[694]: DEBUG: retrieving os-prober-udeb 1.79
Feb 13 05:49:13 anna[694]: DEBUG: retrieving libparted-fs-resize0-udeb 3.4-1
Feb 13 05:49:13 anna[694]: DEBUG: retrieving libparted2-udeb 3.4-1
Feb 13 05:49:13 anna[694]: DEBUG: retrieving partman-auto 157
Feb 13 05:49:13 anna[694]: DEBUG: retrieving partman-auto-raid 47
Feb 13 05:49:13 anna[694]: DEBUG: retrieving partman-base 217
Feb 13 05:49:13 anna[694]: DEBUG: retrieving partman-utils 217
Feb 13 05:49:13 anna[694]: DEBUG: retrieving partman-basicfilesystems 156
Feb 13 05:49:13 anna[694]: DEBUG: retrieving partman-basicmethods 72
Feb 13 05:49:13 anna[694]: DEBUG: retrieving partman-btrfs 54
Feb 13 05:49:14 anna[694]: DEBUG: retrieving partman-efi 94
Feb 13 05:49:14 anna[694]: DEBUG: retrieving partman-ext3 107
Feb 13 05:49:14 anna[694]: DEBUG: retrieving partman-iscsi 70
Feb 13 05:49:14 anna[694]: DEBUG: retrieving partman-jfs 61
Feb 13 05:49:14 anna[694]: DEBUG: retrieving partman-md 100
Feb 13 05:49:14 anna[694]: DEBUG: retrieving partman-partitioning 140
Feb 13 05:49:15 anna[694]: DEBUG: retrieving partman-target 122
Feb 13 05:49:15 anna[694]: DEBUG: retrieving partman-xfs 68
Feb 13 05:49:15 anna[694]: DEBUG: retrieving pkgsel 0.73
Feb 13 05:49:15 anna[694]: DEBUG: retrieving network-preseed 1.109
Feb 13 05:49:15 anna[694]: DEBUG: retrieving rdate-udeb 1:1.10-4
Feb 13 05:49:15 anna[694]: DEBUG: retrieving tzsetup-udeb 1:0.115
Feb 13 05:49:15 anna[694]: DEBUG: retrieving user-setup-udeb 1.88
Feb 13 05:49:16 anna[694]: DEBUG: retrieving eject-udeb 2.36.1-8+deb11u1
Feb 13 05:49:16 anna[694]: DEBUG: retrieving libmount1-udeb 2.36.1-8+deb11u1
Feb 13 05:49:16 anna[694]: DEBUG: retrieving wide-dhcpv6-client-udeb 20080615-23
Feb 13 05:49:16 anna[694]: DEBUG: retrieving libiw30-udeb 30~pre9-13.1
Feb 13 05:49:16 anna[694]: DEBUG: retrieving wpasupplicant-udeb 2:2.9.0-21
Feb 13 05:49:16 anna[694]: DEBUG: retrieving xfsprogs-udeb 5.10.0-4
Feb 13 05:49:16 anna[694]: DEBUG: retrieving btrfs-modules-5.10.0-20-amd64-di 5.10.158-2
Feb 13 05:49:16 anna[694]: DEBUG: retrieving crypto-modules-5.10.0-20-amd64-di 5.10.158-2
Feb 13 05:49:16 anna[694]: DEBUG: retrieving efi-modules-5.10.0-20-amd64-di 5.10.158-2
Feb 13 05:49:16 anna[694]: DEBUG: retrieving ext4-modules-5.10.0-20-amd64-di 5.10.158-2
Feb 13 05:49:16 anna[694]: DEBUG: retrieving jfs-modules-5.10.0-20-amd64-di 5.10.158-2
Feb 13 05:49:16 anna[694]: DEBUG: retrieving loop-modules-5.10.0-20-amd64-di 5.10.158-2
Feb 13 05:49:16 anna[694]: DEBUG: retrieving md-modules-5.10.0-20-amd64-di 5.10.158-2
Feb 13 05:49:16 anna[694]: DEBUG: retrieving mtd-core-modules-5.10.0-20-amd64-di 5.10.158-2
Feb 13 05:49:16 anna[694]: DEBUG: retrieving nic-modules-5.10.0-20-amd64-di 5.10.158-2
Feb 13 05:49:17 anna[694]: DEBUG: retrieving nic-pcmcia-modules-5.10.0-20-amd64-di 5.10.158-2
Feb 13 05:49:17 anna[694]: DEBUG: retrieving nic-shared-modules-5.10.0-20-amd64-di 5.10.158-2
Feb 13 05:49:17 anna[694]: DEBUG: retrieving nic-usb-modules-5.10.0-20-amd64-di 5.10.158-2
Feb 13 05:49:17 anna[694]: DEBUG: retrieving nic-wireless-modules-5.10.0-20-amd64-di 5.10.158-2
Feb 13 05:49:17 anna[694]: DEBUG: retrieving xfs-modules-5.10.0-20-amd64-di 5.10.158-2
Feb 13 05:49:18 main-menu[256]: INFO: Falling back to the package description for brltty-udeb
Feb 13 05:49:18 main-menu[256]: INFO: Falling back to the package description for brltty-udeb
Feb 13 05:49:18 main-menu[256]: INFO: Menu item 'ethdetect' selected
Feb 13 05:49:18 net/hw-detect.hotplug: Detected hotpluggable network interface lo
Feb 13 05:49:18 kernel: [    9.594598] virtio_net virtio0 ens3: renamed from eth0
Feb 13 05:49:18 net/hw-detect.hotplug: Detected hotpluggable network interface ens3
Feb 13 05:49:19 check-missing-firmware: looking at dmesg for the first time
Feb 13 05:49:19 check-missing-firmware: saving timestamp for a later use: [    9.594598]
Feb 13 05:49:19 check-missing-firmware: no missing firmware in loaded kernel modules
Feb 13 05:49:19 check-missing-firmware: taking network interface ens3 up/down
Feb 13 05:49:20 check-missing-firmware: looking at dmesg again, restarting from timestamp: [    9.594598]
Feb 13 05:49:20 check-missing-firmware: timestamp found, truncating dmesg accordingly
Feb 13 05:49:20 check-missing-firmware: saving timestamp for a later use: 
Feb 13 05:49:20 check-missing-firmware: no missing firmware in loaded kernel modules
Feb 13 05:49:20 main-menu[256]: INFO: Falling back to the package description for brltty-udeb
Feb 13 05:49:20 main-menu[256]: INFO: Falling back to the package description for brltty-udeb
Feb 13 05:49:20 main-menu[256]: INFO: Menu item 'netcfg' selected
Feb 13 05:49:20 netcfg[2600]: INFO: Starting netcfg v.1.176
Feb 13 05:49:20 netcfg[2600]: WARNING **: Couldn't read Wpasupplicant pid file, not trying to kill.
Feb 13 05:49:20 netcfg[2600]: INFO: Could not find valid BOOTIF= entry in /proc/cmdline
Feb 13 05:49:20 netcfg[2600]: INFO: Taking down interface ens3
Feb 13 05:49:20 netcfg[2600]: INFO: Taking down interface lo
Feb 13 05:49:20 netcfg[2600]: INFO: Activating interface ens3
Feb 13 05:49:20 netcfg[2600]: DEBUG: State is now 0
Feb 13 05:49:20 netcfg[2600]: DEBUG: Want link on ens3
Feb 13 05:49:20 netcfg[2600]: INFO: Waiting time set to 3
Feb 13 05:49:21 netcfg[2600]: INFO: ethtool-lite: ens3: carrier up
Feb 13 05:49:21 netcfg[2600]: INFO: Found link on ens3
Feb 13 05:49:21 netcfg[2600]: DEBUG: Commencing network autoconfiguration on ens3
Feb 13 05:49:21 netcfg[2600]: DEBUG: rdnssd started; PID: 2610
Feb 13 05:49:21 netcfg[2600]: DEBUG: nc_v6_interface_configured(ens3, scope local)
Feb 13 05:49:21 netcfg[2600]: DEBUG: Running ip addr show ens3 to look for address
Feb 13 05:49:21 netcfg[2600]: DEBUG: ip line: 2: ens3: <BROADCAST,MULTICAST,UP,LOWER_UP> mtu 1500 qdisc pfifo_fast qlen 1000
Feb 13 05:49:21 netcfg[2600]: DEBUG: ip line:     link/ether 52:54:00:12:34:56 brd ff:ff:ff:ff:ff:ff
Feb 13 05:49:21 netcfg[2600]: DEBUG: ip line:     inet6 fe80::5054:ff:fe12:3456/64 scope link tentative 
Feb 13 05:49:21 netcfg[2600]: DEBUG: ip line:        valid_lft forever preferred_lft forever
Feb 13 05:49:21 netcfg[2600]: DEBUG: nc_v6_interface_configured(ens3, scope local)
Feb 13 05:49:21 netcfg[2600]: DEBUG: Running ip addr show ens3 to look for address
Feb 13 05:49:21 netcfg[2600]: DEBUG: ip line: 2: ens3: <BROADCAST,MULTICAST,UP,LOWER_UP> mtu 1500 qdisc pfifo_fast qlen 1000
Feb 13 05:49:21 netcfg[2600]: DEBUG: ip line:     link/ether 52:54:00:12:34:56 brd ff:ff:ff:ff:ff:ff
Feb 13 05:49:21 netcfg[2600]: DEBUG: ip line:     inet6 fe80::5054:ff:fe12:3456/64 scope link tentative 
Feb 13 05:49:21 netcfg[2600]: DEBUG: ip line:        valid_lft forever preferred_lft forever
Feb 13 05:49:21 netcfg[2600]: DEBUG: nc_v6_interface_configured(ens3, scope local)
Feb 13 05:49:21 netcfg[2600]: DEBUG: Running ip addr show ens3 to look for address
Feb 13 05:49:21 netcfg[2600]: DEBUG: ip line: 2: ens3: <BROADCAST,MULTICAST,UP,LOWER_UP> mtu 1500 qdisc pfifo_fast qlen 1000
Feb 13 05:49:21 netcfg[2600]: DEBUG: ip line:     link/ether 52:54:00:12:34:56 brd ff:ff:ff:ff:ff:ff
Feb 13 05:49:21 netcfg[2600]: DEBUG: ip line:     inet6 fe80::5054:ff:fe12:3456/64 scope link tentative 
Feb 13 05:49:21 netcfg[2600]: DEBUG: ip line:        valid_lft forever preferred_lft forever
Feb 13 05:49:22 netcfg[2600]: DEBUG: nc_v6_interface_configured(ens3, scope local)
Feb 13 05:49:22 netcfg[2600]: DEBUG: Running ip addr show ens3 to look for address
Feb 13 05:49:22 netcfg[2600]: DEBUG: ip line: 2: ens3: <BROADCAST,MULTICAST,UP,LOWER_UP> mtu 1500 qdisc pfifo_fast qlen 1000
Feb 13 05:49:22 netcfg[2600]: DEBUG: ip line:     link/ether 52:54:00:12:34:56 brd ff:ff:ff:ff:ff:ff
Feb 13 05:49:22 netcfg[2600]: DEBUG: ip line:     inet6 fec0::5054:ff:fe12:3456/64 scope site tentative dynamic 
Feb 13 05:49:22 netcfg[2600]: DEBUG: ip line:        valid_lft 86400sec preferred_lft 14400sec
Feb 13 05:49:22 netcfg[2600]: DEBUG: ip line:     inet6 fe80::5054:ff:fe12:3456/64 scope link 
Feb 13 05:49:22 netcfg[2600]: DEBUG: Configured address found
Feb 13 05:49:22 netcfg[2600]: DEBUG: ip line:        valid_lft forever preferred_lft forever
Feb 13 05:49:22 netcfg[2600]: DEBUG: Running rdisc6 -1 -r 1 -w 500 -n ens3 to get IPv6 config flags
Feb 13 05:49:22 netcfg[2600]: DEBUG: rdisc6 line: Soliciting ff02::2 (ff02::2) on ens3...
Feb 13 05:49:22 netcfg[2600]: DEBUG: rdisc6 line: 
Feb 13 05:49:22 netcfg[2600]: DEBUG: rdisc6 line: Hop limit                 :           64 (      0x40)
Feb 13 05:49:22 netcfg[2600]: DEBUG: rdisc6 line: Stateful address conf.    :           No
Feb 13 05:49:22 netcfg[2600]: DEBUG: Got stateful address line
Feb 13 05:49:22 netcfg[2600]: DEBUG: stateful=0
Feb 13 05:49:22 netcfg[2600]: DEBUG: rdisc6 line: Stateful other conf.      :           No
Feb 13 05:49:22 netcfg[2600]: DEBUG: stateless=0
Feb 13 05:49:22 netcfg[2600]: DEBUG: rdisc6 line: Mobile home agent         :           No
Feb 13 05:49:22 netcfg[2600]: DEBUG: rdisc6 line: Router preference         :       medium
Feb 13 05:49:22 netcfg[2600]: DEBUG: rdisc6 line: Neighbor discovery proxy  :           No
Feb 13 05:49:22 netcfg[2600]: DEBUG: rdisc6 line: Router lifetime           :         1800 (0x00000708) seconds
Feb 13 05:49:22 netcfg[2600]: DEBUG: rdisc6 line: Reachable time            :  unspecified (0x00000000)
Feb 13 05:49:22 netcfg[2600]: DEBUG: rdisc6 line: Retransmit time           :  unspecified (0x00000000)
Feb 13 05:49:22 netcfg[2600]: DEBUG: rdisc6 line:  Source link-layer address: 52:56:00:00:00:02
Feb 13 05:49:22 netcfg[2600]: DEBUG: rdisc6 line:  Prefix                   : fec0::/64
Feb 13 05:49:22 netcfg[2600]: DEBUG: rdisc6 line:   On-link                 :          Yes
Feb 13 05:49:22 netcfg[2600]: DEBUG: rdisc6 line:   Autonomous address conf.:          Yes
Feb 13 05:49:22 netcfg[2600]: DEBUG: rdisc6 line:   Valid time              :        86400 (0x00015180) seconds
Feb 13 05:49:22 netcfg[2600]: DEBUG: rdisc6 line:   Pref. time              :        14400 (0x00003840) seconds
Feb 13 05:49:22 netcfg[2600]: DEBUG: rdisc6 line:  from fe80::2
Feb 13 05:49:22 netcfg[2600]: DEBUG: rdisc6 parsing finished
Feb 13 05:49:22 netcfg[2600]: DEBUG: Reading nameservers from /tmp/rdnssd_resolv
Feb 13 05:49:22 netcfg[2600]: DEBUG: Stopping rdnssd, PID 2610
Feb 13 05:49:22 netcfg[2600]: DEBUG: IPv6 found
Feb 13 05:49:22 netcfg[2600]: DEBUG: IPv6 stateless autoconfig requested
Feb 13 05:49:22 netcfg[2600]: DEBUG: nc_v6_interface_configured(ens3, scope global)
Feb 13 05:49:22 netcfg[2600]: DEBUG: Running ip addr show ens3 to look for address
Feb 13 05:49:22 netcfg[2600]: DEBUG: ip line: 2: ens3: <BROADCAST,MULTICAST,UP,LOWER_UP> mtu 1500 qdisc pfifo_fast qlen 1000
Feb 13 05:49:22 netcfg[2600]: DEBUG: ip line:     link/ether 52:54:00:12:34:56 brd ff:ff:ff:ff:ff:ff
Feb 13 05:49:22 netcfg[2600]: DEBUG: ip line:     inet6 fec0::5054:ff:fe12:3456/64 scope site tentative dynamic 
Feb 13 05:49:22 netcfg[2600]: DEBUG: ip line:        valid_lft 86400sec preferred_lft 14400sec
Feb 13 05:49:22 netcfg[2600]: DEBUG: ip line:     inet6 fe80::5054:ff:fe12:3456/64 scope link 
Feb 13 05:49:22 netcfg[2600]: DEBUG: ip line:        valid_lft forever preferred_lft forever
Feb 13 05:49:22 netcfg[2600]: DEBUG: nc_v6_interface_configured(ens3, scope global)
Feb 13 05:49:22 netcfg[2600]: DEBUG: Running ip addr show ens3 to look for address
Feb 13 05:49:22 netcfg[2600]: DEBUG: ip line: 2: ens3: <BROADCAST,MULTICAST,UP,LOWER_UP> mtu 1500 qdisc pfifo_fast qlen 1000
Feb 13 05:49:22 netcfg[2600]: DEBUG: ip line:     link/ether 52:54:00:12:34:56 brd ff:ff:ff:ff:ff:ff
Feb 13 05:49:22 netcfg[2600]: DEBUG: ip line:     inet6 fec0::5054:ff:fe12:3456/64 scope site tentative dynamic 
Feb 13 05:49:22 netcfg[2600]: DEBUG: ip line:        valid_lft 86400sec preferred_lft 14400sec
Feb 13 05:49:22 netcfg[2600]: DEBUG: ip line:     inet6 fe80::5054:ff:fe12:3456/64 scope link 
Feb 13 05:49:22 netcfg[2600]: DEBUG: ip line:        valid_lft forever preferred_lft forever
Feb 13 05:49:22 netcfg[2600]: DEBUG: nc_v6_interface_configured(ens3, scope global)
Feb 13 05:49:22 netcfg[2600]: DEBUG: Running ip addr show ens3 to look for address
Feb 13 05:49:22 netcfg[2600]: DEBUG: ip line: 2: ens3: <BROADCAST,MULTICAST,UP,LOWER_UP> mtu 1500 qdisc pfifo_fast qlen 1000
Feb 13 05:49:22 netcfg[2600]: DEBUG: ip line:     link/ether 52:54:00:12:34:56 brd ff:ff:ff:ff:ff:ff
Feb 13 05:49:22 netcfg[2600]: DEBUG: ip line:     inet6 fec0::5054:ff:fe12:3456/64 scope site tentative dynamic 
Feb 13 05:49:22 netcfg[2600]: DEBUG: ip line:        valid_lft 86400sec preferred_lft 14400sec
Feb 13 05:49:22 netcfg[2600]: DEBUG: ip line:     inet6 fe80::5054:ff:fe12:3456/64 scope link 
Feb 13 05:49:22 netcfg[2600]: DEBUG: ip line:        valid_lft forever preferred_lft forever
Feb 13 05:49:23 netcfg[2600]: DEBUG: nc_v6_interface_configured(ens3, scope global)
Feb 13 05:49:23 netcfg[2600]: DEBUG: Running ip addr show ens3 to look for address
Feb 13 05:49:23 netcfg[2600]: DEBUG: ip line: 2: ens3: <BROADCAST,MULTICAST,UP,LOWER_UP> mtu 1500 qdisc pfifo_fast qlen 1000
Feb 13 05:49:23 netcfg[2600]: DEBUG: ip line:     link/ether 52:54:00:12:34:56 brd ff:ff:ff:ff:ff:ff
Feb 13 05:49:23 netcfg[2600]: DEBUG: ip line:     inet6 fec0::5054:ff:fe12:3456/64 scope site tentative dynamic 
Feb 13 05:49:23 netcfg[2600]: DEBUG: ip line:        valid_lft 86399sec preferred_lft 14399sec
Feb 13 05:49:23 netcfg[2600]: DEBUG: ip line:     inet6 fe80::5054:ff:fe12:3456/64 scope link 
Feb 13 05:49:23 netcfg[2600]: DEBUG: ip line:        valid_lft forever preferred_lft forever
Feb 13 05:49:23 netcfg[2600]: DEBUG: nc_v6_interface_configured(ens3, scope global)
Feb 13 05:49:23 netcfg[2600]: DEBUG: Running ip addr show ens3 to look for address
Feb 13 05:49:23 netcfg[2600]: DEBUG: ip line: 2: ens3: <BROADCAST,MULTICAST,UP,LOWER_UP> mtu 1500 qdisc pfifo_fast qlen 1000
Feb 13 05:49:23 netcfg[2600]: DEBUG: ip line:     link/ether 52:54:00:12:34:56 brd ff:ff:ff:ff:ff:ff
Feb 13 05:49:23 netcfg[2600]: DEBUG: ip line:     inet6 fec0::5054:ff:fe12:3456/64 scope site dynamic 
Feb 13 05:49:23 netcfg[2600]: DEBUG: ip line:        valid_lft 86399sec preferred_lft 14399sec
Feb 13 05:49:23 netcfg[2600]: DEBUG: ip line:     inet6 fe80::5054:ff:fe12:3456/64 scope link 
Feb 13 05:49:23 netcfg[2600]: DEBUG: ip line:        valid_lft forever preferred_lft forever
Feb 13 05:49:23 netcfg[2600]: DEBUG: nc_v6_interface_configured(ens3, scope global)
Feb 13 05:49:23 netcfg[2600]: DEBUG: Running ip addr show ens3 to look for address
Feb 13 05:49:23 netcfg[2600]: DEBUG: ip line: 2: ens3: <BROADCAST,MULTICAST,UP,LOWER_UP> mtu 1500 qdisc pfifo_fast qlen 1000
Feb 13 05:49:23 netcfg[2600]: DEBUG: ip line:     link/ether 52:54:00:12:34:56 brd ff:ff:ff:ff:ff:ff
Feb 13 05:49:23 netcfg[2600]: DEBUG: ip line:     inet6 fec0::5054:ff:fe12:3456/64 scope site dynamic 
Feb 13 05:49:23 netcfg[2600]: DEBUG: ip line:        valid_lft 86399sec preferred_lft 14399sec
Feb 13 05:49:23 netcfg[2600]: DEBUG: ip line:     inet6 fe80::5054:ff:fe12:3456/64 scope link 
Feb 13 05:49:23 netcfg[2600]: DEBUG: ip line:        valid_lft forever preferred_lft forever
Feb 13 05:49:23 netcfg[2600]: DEBUG: nc_v6_interface_configured(ens3, scope global)
Feb 13 05:49:23 netcfg[2600]: DEBUG: Running ip addr show ens3 to look for address
Feb 13 05:49:23 netcfg[2600]: DEBUG: ip line: 2: ens3: <BROADCAST,MULTICAST,UP,LOWER_UP> mtu 1500 qdisc pfifo_fast qlen 1000
Feb 13 05:49:23 netcfg[2600]: DEBUG: ip line:     link/ether 52:54:00:12:34:56 brd ff:ff:ff:ff:ff:ff
Feb 13 05:49:23 netcfg[2600]: DEBUG: ip line:     inet6 fec0::5054:ff:fe12:3456/64 scope site dynamic 
Feb 13 05:49:23 netcfg[2600]: DEBUG: ip line:        valid_lft 86399sec preferred_lft 14399sec
Feb 13 05:49:23 netcfg[2600]: DEBUG: ip line:     inet6 fe80::5054:ff:fe12:3456/64 scope link 
Feb 13 05:49:23 netcfg[2600]: DEBUG: ip line:        valid_lft forever preferred_lft forever
Feb 13 05:49:24 netcfg[2600]: DEBUG: nc_v6_interface_configured(ens3, scope global)
Feb 13 05:49:24 netcfg[2600]: DEBUG: Running ip addr show ens3 to look for address
Feb 13 05:49:24 netcfg[2600]: DEBUG: ip line: 2: ens3: <BROADCAST,MULTICAST,UP,LOWER_UP> mtu 1500 qdisc pfifo_fast qlen 1000
Feb 13 05:49:24 netcfg[2600]: DEBUG: ip line:     link/ether 52:54:00:12:34:56 brd ff:ff:ff:ff:ff:ff
Feb 13 05:49:24 netcfg[2600]: DEBUG: ip line:     inet6 fec0::5054:ff:fe12:3456/64 scope site dynamic 
Feb 13 05:49:24 netcfg[2600]: DEBUG: ip line:        valid_lft 86398sec preferred_lft 14398sec
Feb 13 05:49:24 netcfg[2600]: DEBUG: ip line:     inet6 fe80::5054:ff:fe12:3456/64 scope link 
Feb 13 05:49:24 netcfg[2600]: DEBUG: ip line:        valid_lft forever preferred_lft forever
Feb 13 05:49:24 netcfg[2600]: DEBUG: nc_v6_interface_configured(ens3, scope global)
Feb 13 05:49:24 netcfg[2600]: DEBUG: Running ip addr show ens3 to look for address
Feb 13 05:49:24 netcfg[2600]: DEBUG: ip line: 2: ens3: <BROADCAST,MULTICAST,UP,LOWER_UP> mtu 1500 qdisc pfifo_fast qlen 1000
Feb 13 05:49:24 netcfg[2600]: DEBUG: ip line:     link/ether 52:54:00:12:34:56 brd ff:ff:ff:ff:ff:ff
Feb 13 05:49:24 netcfg[2600]: DEBUG: ip line:     inet6 fec0::5054:ff:fe12:3456/64 scope site dynamic 
Feb 13 05:49:24 netcfg[2600]: DEBUG: ip line:        valid_lft 86398sec preferred_lft 14398sec
Feb 13 05:49:24 netcfg[2600]: DEBUG: ip line:     inet6 fe80::5054:ff:fe12:3456/64 scope link 
Feb 13 05:49:24 netcfg[2600]: DEBUG: ip line:        valid_lft forever preferred_lft forever
Feb 13 05:49:24 netcfg[2600]: DEBUG: nc_v6_interface_configured(ens3, scope global)
Feb 13 05:49:24 netcfg[2600]: DEBUG: Running ip addr show ens3 to look for address
Feb 13 05:49:24 netcfg[2600]: DEBUG: ip line: 2: ens3: <BROADCAST,MULTICAST,UP,LOWER_UP> mtu 1500 qdisc pfifo_fast qlen 1000
Feb 13 05:49:24 netcfg[2600]: DEBUG: ip line:     link/ether 52:54:00:12:34:56 brd ff:ff:ff:ff:ff:ff
Feb 13 05:49:24 netcfg[2600]: DEBUG: ip line:     inet6 fec0::5054:ff:fe12:3456/64 scope site dynamic 
Feb 13 05:49:24 netcfg[2600]: DEBUG: ip line:        valid_lft 86398sec preferred_lft 14398sec
Feb 13 05:49:24 netcfg[2600]: DEBUG: ip line:     inet6 fe80::5054:ff:fe12:3456/64 scope link 
Feb 13 05:49:24 netcfg[2600]: DEBUG: ip line:        valid_lft forever preferred_lft forever
Feb 13 05:49:24 netcfg[2600]: DEBUG: nc_v6_interface_configured(ens3, scope global)
Feb 13 05:49:24 netcfg[2600]: DEBUG: Running ip addr show ens3 to look for address
Feb 13 05:49:24 netcfg[2600]: DEBUG: ip line: 2: ens3: <BROADCAST,MULTICAST,UP,LOWER_UP> mtu 1500 qdisc pfifo_fast qlen 1000
Feb 13 05:49:24 netcfg[2600]: DEBUG: ip line:     link/ether 52:54:00:12:34:56 brd ff:ff:ff:ff:ff:ff
Feb 13 05:49:24 netcfg[2600]: DEBUG: ip line:     inet6 fec0::5054:ff:fe12:3456/64 scope site dynamic 
Feb 13 05:49:24 netcfg[2600]: DEBUG: ip line:        valid_lft 86398sec preferred_lft 14398sec
Feb 13 05:49:24 netcfg[2600]: DEBUG: ip line:     inet6 fe80::5054:ff:fe12:3456/64 scope link 
Feb 13 05:49:24 netcfg[2600]: DEBUG: ip line:        valid_lft forever preferred_lft forever
Feb 13 05:49:25 netcfg[2600]: DEBUG: nc_v6_interface_configured(ens3, scope global)
Feb 13 05:49:25 netcfg[2600]: DEBUG: Running ip addr show ens3 to look for address
Feb 13 05:49:25 netcfg[2600]: DEBUG: ip line: 2: ens3: <BROADCAST,MULTICAST,UP,LOWER_UP> mtu 1500 qdisc pfifo_fast qlen 1000
Feb 13 05:49:25 netcfg[2600]: DEBUG: ip line:     link/ether 52:54:00:12:34:56 brd ff:ff:ff:ff:ff:ff
Feb 13 05:49:25 netcfg[2600]: DEBUG: ip line:     inet6 fec0::5054:ff:fe12:3456/64 scope site dynamic 
Feb 13 05:49:25 netcfg[2600]: DEBUG: ip line:        valid_lft 86397sec preferred_lft 14397sec
Feb 13 05:49:25 netcfg[2600]: DEBUG: ip line:     inet6 fe80::5054:ff:fe12:3456/64 scope link 
Feb 13 05:49:25 netcfg[2600]: DEBUG: ip line:        valid_lft forever preferred_lft forever
Feb 13 05:49:25 netcfg[2600]: DEBUG: nc_v6_interface_configured(ens3, scope global)
Feb 13 05:49:25 netcfg[2600]: DEBUG: Running ip addr show ens3 to look for address
Feb 13 05:49:25 netcfg[2600]: DEBUG: ip line: 2: ens3: <BROADCAST,MULTICAST,UP,LOWER_UP> mtu 1500 qdisc pfifo_fast qlen 1000
Feb 13 05:49:25 netcfg[2600]: DEBUG: ip line:     link/ether 52:54:00:12:34:56 brd ff:ff:ff:ff:ff:ff
Feb 13 05:49:25 netcfg[2600]: DEBUG: ip line:     inet6 fec0::5054:ff:fe12:3456/64 scope site dynamic 
Feb 13 05:49:25 netcfg[2600]: DEBUG: ip line:        valid_lft 86397sec preferred_lft 14397sec
Feb 13 05:49:25 netcfg[2600]: DEBUG: ip line:     inet6 fe80::5054:ff:fe12:3456/64 scope link 
Feb 13 05:49:25 netcfg[2600]: DEBUG: ip line:        valid_lft forever preferred_lft forever
Feb 13 05:49:25 netcfg[2600]: DEBUG: nc_v6_interface_configured(ens3, scope global)
Feb 13 05:49:25 netcfg[2600]: DEBUG: Running ip addr show ens3 to look for address
Feb 13 05:49:25 netcfg[2600]: DEBUG: ip line: 2: ens3: <BROADCAST,MULTICAST,UP,LOWER_UP> mtu 1500 qdisc pfifo_fast qlen 1000
Feb 13 05:49:25 netcfg[2600]: DEBUG: ip line:     link/ether 52:54:00:12:34:56 brd ff:ff:ff:ff:ff:ff
Feb 13 05:49:25 netcfg[2600]: DEBUG: ip line:     inet6 fec0::5054:ff:fe12:3456/64 scope site dynamic 
Feb 13 05:49:25 netcfg[2600]: DEBUG: ip line:        valid_lft 86397sec preferred_lft 14397sec
Feb 13 05:49:25 netcfg[2600]: DEBUG: ip line:     inet6 fe80::5054:ff:fe12:3456/64 scope link 
Feb 13 05:49:25 netcfg[2600]: DEBUG: ip line:        valid_lft forever preferred_lft forever
Feb 13 05:49:25 netcfg[2600]: DEBUG: nc_v6_interface_configured(ens3, scope global)
Feb 13 05:49:25 netcfg[2600]: DEBUG: Running ip addr show ens3 to look for address
Feb 13 05:49:25 netcfg[2600]: DEBUG: ip line: 2: ens3: <BROADCAST,MULTICAST,UP,LOWER_UP> mtu 1500 qdisc pfifo_fast qlen 1000
Feb 13 05:49:25 netcfg[2600]: DEBUG: ip line:     link/ether 52:54:00:12:34:56 brd ff:ff:ff:ff:ff:ff
Feb 13 05:49:25 netcfg[2600]: DEBUG: ip line:     inet6 fec0::5054:ff:fe12:3456/64 scope site dynamic 
Feb 13 05:49:25 netcfg[2600]: DEBUG: ip line:        valid_lft 86397sec preferred_lft 14397sec
Feb 13 05:49:25 netcfg[2600]: DEBUG: ip line:     inet6 fe80::5054:ff:fe12:3456/64 scope link 
Feb 13 05:49:25 netcfg[2600]: DEBUG: ip line:        valid_lft forever preferred_lft forever
Feb 13 05:49:26 netcfg[2600]: DEBUG: nc_v6_interface_configured(ens3, scope global)
Feb 13 05:49:26 netcfg[2600]: DEBUG: Running ip addr show ens3 to look for address
Feb 13 05:49:26 netcfg[2600]: DEBUG: ip line: 2: ens3: <BROADCAST,MULTICAST,UP,LOWER_UP> mtu 1500 qdisc pfifo_fast qlen 1000
Feb 13 05:49:26 netcfg[2600]: DEBUG: ip line:     link/ether 52:54:00:12:34:56 brd ff:ff:ff:ff:ff:ff
Feb 13 05:49:26 netcfg[2600]: DEBUG: ip line:     inet6 fec0::5054:ff:fe12:3456/64 scope site dynamic 
Feb 13 05:49:26 netcfg[2600]: DEBUG: ip line:        valid_lft 86396sec preferred_lft 14396sec
Feb 13 05:49:26 netcfg[2600]: DEBUG: ip line:     inet6 fe80::5054:ff:fe12:3456/64 scope link 
Feb 13 05:49:26 netcfg[2600]: DEBUG: ip line:        valid_lft forever preferred_lft forever
Feb 13 05:49:26 netcfg[2600]: DEBUG: nc_v6_interface_configured(ens3, scope global)
Feb 13 05:49:26 netcfg[2600]: DEBUG: Running ip addr show ens3 to look for address
Feb 13 05:49:26 netcfg[2600]: DEBUG: ip line: 2: ens3: <BROADCAST,MULTICAST,UP,LOWER_UP> mtu 1500 qdisc pfifo_fast qlen 1000
Feb 13 05:49:26 netcfg[2600]: DEBUG: ip line:     link/ether 52:54:00:12:34:56 brd ff:ff:ff:ff:ff:ff
Feb 13 05:49:26 netcfg[2600]: DEBUG: ip line:     inet6 fec0::5054:ff:fe12:3456/64 scope site dynamic 
Feb 13 05:49:26 netcfg[2600]: DEBUG: ip line:        valid_lft 86396sec preferred_lft 14396sec
Feb 13 05:49:26 netcfg[2600]: DEBUG: ip line:     inet6 fe80::5054:ff:fe12:3456/64 scope link 
Feb 13 05:49:26 netcfg[2600]: DEBUG: ip line:        valid_lft forever preferred_lft forever
Feb 13 05:49:26 netcfg[2600]: DEBUG: nc_v6_interface_configured(ens3, scope global)
Feb 13 05:49:26 netcfg[2600]: DEBUG: Running ip addr show ens3 to look for address
Feb 13 05:49:26 netcfg[2600]: DEBUG: ip line: 2: ens3: <BROADCAST,MULTICAST,UP,LOWER_UP> mtu 1500 qdisc pfifo_fast qlen 1000
Feb 13 05:49:26 netcfg[2600]: DEBUG: ip line:     link/ether 52:54:00:12:34:56 brd ff:ff:ff:ff:ff:ff
Feb 13 05:49:26 netcfg[2600]: DEBUG: ip line:     inet6 fec0::5054:ff:fe12:3456/64 scope site dynamic 
Feb 13 05:49:26 netcfg[2600]: DEBUG: ip line:        valid_lft 86396sec preferred_lft 14396sec
Feb 13 05:49:26 netcfg[2600]: DEBUG: ip line:     inet6 fe80::5054:ff:fe12:3456/64 scope link 
Feb 13 05:49:26 netcfg[2600]: DEBUG: ip line:        valid_lft forever preferred_lft forever
Feb 13 05:49:27 netcfg[2600]: DEBUG: nc_v6_interface_configured(ens3, scope global)
Feb 13 05:49:27 netcfg[2600]: DEBUG: Running ip addr show ens3 to look for address
Feb 13 05:49:27 netcfg[2600]: DEBUG: ip line: 2: ens3: <BROADCAST,MULTICAST,UP,LOWER_UP> mtu 1500 qdisc pfifo_fast qlen 1000
Feb 13 05:49:27 netcfg[2600]: DEBUG: ip line:     link/ether 52:54:00:12:34:56 brd ff:ff:ff:ff:ff:ff
Feb 13 05:49:27 netcfg[2600]: DEBUG: ip line:     inet6 fec0::5054:ff:fe12:3456/64 scope site dynamic 
Feb 13 05:49:27 netcfg[2600]: DEBUG: ip line:        valid_lft 86396sec preferred_lft 14396sec
Feb 13 05:49:27 netcfg[2600]: DEBUG: ip line:     inet6 fe80::5054:ff:fe12:3456/64 scope link 
Feb 13 05:49:27 netcfg[2600]: DEBUG: ip line:        valid_lft forever preferred_lft forever
Feb 13 05:49:27 netcfg[2600]: DEBUG: nc_v6_interface_configured(ens3, scope global)
Feb 13 05:49:27 netcfg[2600]: DEBUG: Running ip addr show ens3 to look for address
Feb 13 05:49:27 netcfg[2600]: DEBUG: ip line: 2: ens3: <BROADCAST,MULTICAST,UP,LOWER_UP> mtu 1500 qdisc pfifo_fast qlen 1000
Feb 13 05:49:27 netcfg[2600]: DEBUG: ip line:     link/ether 52:54:00:12:34:56 brd ff:ff:ff:ff:ff:ff
Feb 13 05:49:27 netcfg[2600]: DEBUG: ip line:     inet6 fec0::5054:ff:fe12:3456/64 scope site dynamic 
Feb 13 05:49:27 netcfg[2600]: DEBUG: ip line:        valid_lft 86395sec preferred_lft 14395sec
Feb 13 05:49:27 netcfg[2600]: DEBUG: ip line:     inet6 fe80::5054:ff:fe12:3456/64 scope link 
Feb 13 05:49:27 netcfg[2600]: DEBUG: ip line:        valid_lft forever preferred_lft forever
Feb 13 05:49:27 netcfg[2600]: DEBUG: Trying IPv4 autoconfig as well
Feb 13 05:49:27 netcfg[2600]: WARNING **: Started DHCP client; PID is 2637
Feb 13 05:49:27 udhcpc: Got IP 10.0.2.15 (using ens3) and routing through 10.0.2.2
Feb 13 05:49:30 netcfg[2600]: DEBUG: Reading domain name returned via DHCP
Feb 13 05:49:30 netcfg[2600]: DEBUG: Reading nameservers from /etc/resolv.conf
Feb 13 05:49:30 netcfg[2600]: DEBUG: Read nameserver 10.0.2.3
Feb 13 05:49:30 netcfg[2600]: DEBUG: State is now 1
Feb 13 05:49:30 netcfg[2600]: DEBUG: State is now 2
Feb 13 05:49:30 netcfg[2600]: DEBUG: State is now 5
Feb 13 05:49:30 netcfg[2600]: DEBUG: Using DNS to try and obtain default hostname
Feb 13 05:49:30 netcfg[2600]: DEBUG: Getting default hostname from rDNS lookup of autoconfigured address 10.0.2.15
Feb 13 05:49:30 netcfg[2600]: DEBUG: getnameinfo() returned -2 (Name or service not known)
Feb 13 05:49:30 netcfg[2600]: DEBUG: Getting default hostname from rDNS lookup of autoconfigured address fec0::5054:ff:fe12:3456
Feb 13 05:49:30 netcfg[2600]: DEBUG: getnameinfo() returned -2 (Name or service not known)
Feb 13 05:49:30 netcfg[2600]: DEBUG: Getting default hostname from rDNS lookup of autoconfigured address fe80::5054:ff:fe12:3456
Feb 13 05:49:40 netcfg[2600]: DEBUG: getnameinfo() returned -3 (Temporary failure in name resolution)
Feb 13 05:49:40 netcfg[2600]: DEBUG: State is now 6
Feb 13 05:49:40 netcfg[2600]: DEBUG: Network config complete
Feb 13 05:49:40 netcfg[2600]: DEBUG: No interface given; clearing /etc/network/interfaces
Feb 13 05:49:40 netcfg[2600]: DEBUG: Writing informative header
Feb 13 05:49:40 netcfg[2600]: DEBUG: Success!
Feb 13 05:49:40 netcfg[2600]: DEBUG: Writing loopback interface
Feb 13 05:49:40 netcfg[2600]: DEBUG: Success!
Feb 13 05:49:40 netcfg[2600]: DEBUG: Writing DHCP stanza for ens3
Feb 13 05:49:40 netcfg[2600]: INFO: Detected ens3 as a hotpluggable device
Feb 13 05:49:40 netcfg[2600]: DEBUG: Success!
Feb 13 05:49:41 main-menu[256]: (process:2599): udhcpc: started, v1.30.1
Feb 13 05:49:41 main-menu[256]: (process:2599): udhcpc: sending discover
Feb 13 05:49:41 main-menu[256]: (process:2599): udhcpc: sending select for 10.0.2.15
Feb 13 05:49:41 main-menu[256]: (process:2599): udhcpc: lease of 10.0.2.15 obtained, lease time 86400
Feb 13 05:49:41 main-menu[256]: INFO: Falling back to the package description for brltty-udeb
Feb 13 05:49:41 main-menu[256]: INFO: Falling back to the package description for brltty-udeb
Feb 13 05:49:41 main-menu[256]: INFO: Menu item 'network-preseed' selected
Feb 13 05:49:57 preseed: successfully loaded preseed file from http://10.0.2.2:8917/debian-bullseye/preseed.cfg
Feb 13 05:49:57 main-menu[256]: (process:2700): 2025-02-13 05:49:56 URL:http://10.0.2.2:8917/debian-bullseye/preseed.cfg [1775/1775] -> "/tmp/_fetch-url_debconf-seed.2721" [1]
Feb 13 05:49:57 main-menu[256]: INFO: Falling back to the package description for brltty-udeb
Feb 13 05:49:57 main-menu[256]: INFO: Menu item 'localechooser' selected
Feb 13 05:49:57 localechooser: info: debian-installer/locale preseeded to 'en_US' (seen: true)
Feb 13 05:49:57 localechooser: info: Set localechooser/languagelist = 'en'
Feb 13 05:49:57 localechooser: info: Set debian-installer/country = 'US'
Feb 13 05:49:57 debconf: Setting debconf/language to en
Feb 13 05:49:57 localechooser: info: Language = 'en'
Feb 13 05:49:57 localechooser: info: line=en;0;US;en_US.UTF-8;;console-setup
Feb 13 05:49:57 localechooser: info: Set debian-installer/language = 'en'
Feb 13 05:49:57 localechooser: info: Default country = 'US'
Feb 13 05:49:57 localechooser: info: Default locale = 'en_US.UTF-8'
Feb 13 05:49:57 localechooser: info: Set debian-installer/consoledisplay = 'console-setup'
Feb 13 05:49:57 debconf: Setting debconf/language to en
Feb 13 05:49:57 localechooser: info: Set debian-installer/country = 'US'
Feb 13 05:49:57 localechooser: info: Set debian-installer/locale = 'en_US.UTF-8'
Feb 13 05:49:57 localechooser: info: System locale (debian-installer/locale) = 'en_US.UTF-8'
Feb 13 05:49:57 main-menu[256]: INFO: Falling back to the package description for brltty-udeb
Feb 13 05:49:57 main-menu[256]: INFO: Falling back to the package description for brltty-udeb
Feb 13 05:49:57 main-menu[256]: INFO: Menu item 'console-setup-udeb' selected
Feb 13 05:49:57 main-menu[256]: (process:4684): setupcon: gzip is not accessible. Will not save cached keyboard map.
Feb 13 05:49:57 main-menu[256]: (process:4684): setupcon: gzip is not accessible. Will not save cached keyboard map.
Feb 13 05:49:57 main-menu[256]: (process:4684): setupcon: gzip is not accessible. Will not save cached keyboard map.
Feb 13 05:49:57 main-menu[256]: (process:4684): setupcon: gzip is not accessible. Will not save cached keyboard map.
Feb 13 05:49:57 main-menu[256]: (process:4684): /bin/setupcon: line 722: can't create /etc/console-setup/cached_setup_keyboard.sh: nonexistent directory
Feb 13 05:49:57 main-menu[256]: (process:4684): /bin/setupcon: line 730: can't create /etc/console-setup/cached_setup_font.sh: nonexistent directory
Feb 13 05:49:57 main-menu[256]: (process:4684): /bin/setupcon: line 748: can't create /etc/console-setup/cached_setup_terminal.sh: nonexistent directory
Feb 13 05:49:57 main-menu[256]: (process:4684): chmod: /etc/console-setup/cached_setup_keyboard.sh: No such file or directory
Feb 13 05:49:57 main-menu[256]: (process:4684): chmod: /etc/console-setup/cached_setup_font.sh: No such file or directory
Feb 13 05:49:57 main-menu[256]: (process:4684): chmod: /etc/console-setup/cached_setup_terminal.sh: No such file or directory
Feb 13 05:49:57 main-menu[256]: INFO: Falling back to the package description for brltty-udeb
Feb 13 05:49:57 main-menu[256]: INFO: Falling back to the package description for brltty-udeb
Feb 13 05:49:57 main-menu[256]: INFO: Menu item 'user-setup-udeb' selected
Feb 13 05:49:58 main-menu[256]: INFO: Falling back to the package description for brltty-udeb
Feb 13 05:49:58 main-menu[256]: INFO: Falling back to the package description for brltty-udeb
Feb 13 05:49:58 main-menu[256]: INFO: Menu item 'clock-setup' selected
Feb 13 05:49:58 clock-setup: rdate called using NTP server 0.debian.pool.ntp.org.
Feb 13 05:49:59 clock-setup: Thu Feb 13 05:49:59 UTC 2025
Feb 13 05:49:59 clock-setup: rdate: adjust local clock by 1.132170 seconds
Feb 13 05:49:59 main-menu[256]: INFO: Falling back to the package description for brltty-udeb
Feb 13 05:49:59 main-menu[256]: INFO: Falling back to the package description for brltty-udeb
Feb 13 05:49:59 main-menu[256]: INFO: Menu item 'disk-detect' selected
Feb 13 05:49:59 net/hw-detect.hotplug: Detected hotpluggable network interface lo
Feb 13 05:49:59 net/hw-detect.hotplug: Detected hotpluggable network interface ens3
Feb 13 05:50:00 check-missing-firmware: looking at dmesg again, restarting from timestamp: 
Feb 13 05:50:00 check-missing-firmware: timestamp found, truncating dmesg accordingly
Feb 13 05:50:00 check-missing-firmware: saving timestamp for a later use: [    9.594598]
Feb 13 05:50:00 check-missing-firmware: no missing firmware in loaded kernel modules
Feb 13 05:50:01 check-missing-firmware: looking at dmesg again, restarting from timestamp: [    9.594598]
Feb 13 05:50:01 check-missing-firmware: timestamp found, truncating dmesg accordingly
Feb 13 05:50:01 check-missing-firmware: saving timestamp for a later use: 
Feb 13 05:50:02 check-missing-firmware: no missing firmware in loaded kernel modules
Feb 13 05:50:02 main-menu[256]: INFO: Falling back to the package description for brltty-udeb
Feb 13 05:50:02 main-menu[256]: INFO: Falling back to the package description for brltty-udeb
Feb 13 05:50:02 main-menu[256]: INFO: Menu item 'partman-base' selected
Feb 13 05:50:02 anna-install: Installing partman-auto-lvm
Feb 13 05:50:02 anna[5286]: DEBUG: resolver (cdebconf-udeb): package doesn't exist (ignored)
Feb 13 05:50:02 anna[5286]: DEBUG: resolver (di-utils): package doesn't exist (ignored)
Feb 13 05:50:02 anna[5286]: DEBUG: resolver (kernel-image-5.10.0-20-amd64-di): package doesn't exist (ignored)
Feb 13 05:50:02 anna[5286]: DEBUG: resolver (fat-modules): package doesn't exist (ignored)
Feb 13 05:50:02 anna[5286]: DEBUG: resolver (libdebian-installer4-udeb): package doesn't exist (ignored)
Feb 13 05:50:02 anna[5286]: DEBUG: resolver (archdetect): package doesn't exist (ignored)
Feb 13 05:50:02 anna[5286]: DEBUG: resolver (hw-detect): package doesn't exist (ignored)
Feb 13 05:50:02 anna[5286]: DEBUG: retrieving libaio1-udeb 0.3.112-9
Feb 13 05:50:02 anna[5286]: DEBUG: retrieving lvm2-udeb 2.03.11-2.1
Feb 13 05:50:02 anna[5286]: DEBUG: retrieving partman-auto-lvm 85
Feb 13 05:50:02 anna[5286]: DEBUG: retrieving partman-lvm 140
Feb 13 05:50:02 anna-install: Installing partman-auto-crypto
Feb 13 05:50:02 anna[5380]: DEBUG: resolver (cdebconf-udeb): package doesn't exist (ignored)
Feb 13 05:50:02 anna[5380]: DEBUG: resolver (di-utils): package doesn't exist (ignored)
Feb 13 05:50:02 anna[5380]: DEBUG: resolver (kernel-image-5.10.0-20-amd64-di): package doesn't exist (ignored)
Feb 13 05:50:02 anna[5380]: DEBUG: resolver (fat-modules): package doesn't exist (ignored)
Feb 13 05:50:02 anna[5380]: DEBUG: resolver (libdebian-installer4-udeb): package doesn't exist (ignored)
Feb 13 05:50:02 anna[5380]: DEBUG: resolver (archdetect): package doesn't exist (ignored)
Feb 13 05:50:02 anna[5380]: DEBUG: resolver (hw-detect): package doesn't exist (ignored)
Feb 13 05:50:02 anna[5380]: DEBUG: retrieving partman-auto-crypto 33
Feb 13 05:50:02 anna[5380]: DEBUG: retrieving partman-crypto 114
Feb 13 05:50:03 kernel: [   53.424236] raid6: sse2x4   gen() 15703 MB/s
Feb 13 05:50:03 kernel: [   53.492236] raid6: sse2x4   xor()  7565 MB/s
Feb 13 05:50:03 kernel: [   53.560236] raid6: sse2x2   gen() 17552 MB/s
Feb 13 05:50:03 kernel: [   53.628235] raid6: sse2x2   xor() 10593 MB/s
Feb 13 05:50:03 kernel: [   53.696235] raid6: sse2x1   gen() 13779 MB/s
Feb 13 05:50:03 kernel: [   53.764235] raid6: sse2x1   xor()  8708 MB/s
Feb 13 05:50:03 kernel: [   53.764236] raid6: using algorithm sse2x2 gen() 17552 MB/s
Feb 13 05:50:03 kernel: [   53.764237] raid6: .... xor() 10593 MB/s, rmw enabled
Feb 13 05:50:03 kernel: [   53.764238] raid6: using intx1 recovery algorithm
Feb 13 05:50:03 kernel: [   53.765308] xor: measuring software checksum speed
Feb 13 05:50:03 kernel: [   53.766059]    prefetch64-sse  : 13414 MB/sec
Feb 13 05:50:03 kernel: [   53.766864]    generic_sse     : 12366 MB/sec
Feb 13 05:50:03 kernel: [   53.766865] xor: using function: prefetch64-sse (13414 MB/sec)
Feb 13 05:50:03 kernel: [   53.834188] Btrfs loaded, crc32c=crc32c-generic
Feb 13 05:50:03 kernel: [   53.852318] JFS: nTxBlock = 8192, nTxLock = 65536
Feb 13 05:50:03 kernel: [   53.934260] SGI XFS with ACLs, security attributes, realtime, quota, no debug enabled
Feb 13 05:50:04 md-devices: mdadm: No arrays found in config file or automatically
Feb 13 05:50:04 kernel: [   54.359417] device-mapper: uevent: version 1.0.3
Feb 13 05:50:04 kernel: [   54.359496] device-mapper: ioctl: 4.43.0-ioctl (2020-10-01) initialised: dm-devel@redhat.com
Feb 13 05:50:04 partman:   No matching physical volumes found
Feb 13 05:50:05 kernel: [   55.487874]  sda: sda1 sda2
Feb 13 05:50:05 net/hw-detect.hotplug: Detected hotpluggable network interface ens3
Feb 13 05:50:05 net/hw-detect.hotplug: Detected hotpluggable network interface lo
Feb 13 05:50:05 partman: Cannot initialize conversion from codepage 850 to UTF-8: Invalid argument
Feb 13 05:50:05 partman: Cannot initialize conversion from UTF-8 to codepage 850: Invalid argument
Feb 13 05:50:05 partman: Using internal CP850 conversion table
Feb 13 05:50:05 partman: mke2fs 1.46.2 (28-Feb-2021)
Feb 13 05:50:06 kernel: [   56.127725] EXT4-fs (sda2): mounted filesystem with ordered data mode. Opts: errors=remount-ro
Feb 13 05:50:06 apt-install: Queueing package e2fsprogs for later installation
Feb 13 05:50:06 main-menu[256]: (process:5272): File descriptor 3 (pipe:[1332]) leaked on pvs invocation. Parent PID 7011: /bin/sh
Feb 13 05:50:06 main-menu[256]: (process:5272): File descriptor 4 (/dev/pts/0) leaked on pvs invocation. Parent PID 7011: /bin/sh
Feb 13 05:50:06 main-menu[256]: (process:5272): File descriptor 5 (/dev/pts/0) leaked on pvs invocation. Parent PID 7011: /bin/sh
Feb 13 05:50:06 main-menu[256]: (process:5272): File descriptor 3 (pipe:[1332]) leaked on pvs invocation. Parent PID 7072: /bin/sh
Feb 13 05:50:06 main-menu[256]: (process:5272): File descriptor 4 (/dev/pts/0) leaked on pvs invocation. Parent PID 7072: /bin/sh
Feb 13 05:50:06 main-menu[256]: (process:5272): File descriptor 5 (/dev/pts/0) leaked on pvs invocation. Parent PID 7072: /bin/sh
Feb 13 05:50:06 main-menu[256]: INFO: Falling back to the package description for brltty-udeb
Feb 13 05:50:06 main-menu[256]: INFO: Falling back to the package description for brltty-udeb
Feb 13 05:50:06 main-menu[256]: INFO: Menu item 'bootstrap-base' selected
Feb 13 05:50:06 debootstrap: /usr/sbin/debootstrap --components=main --debian-installer --resolve-deps --no-check-gpg bullseye /target file:///cdrom/
Feb 13 05:50:12 debootstrap: dpkg: warning: parsing file '/var/lib/dpkg/status' near line 5 package 'dpkg':
Feb 13 05:50:12 debootstrap:  missing 'Description' field
Feb 13 05:50:12 debootstrap: dpkg: warning: parsing file '/var/lib/dpkg/status' near line 5 package 'dpkg':
Feb 13 05:50:12 debootstrap:  missing 'Architecture' field
Feb 13 05:50:12 debootstrap: Selecting previously unselected package base-passwd.
Feb 13 05:50:12 debootstrap: (Reading database ... 0 files and directories currently installed.)
Feb 13 05:50:12 debootstrap: Preparing to unpack .../base-passwd_3.5.51_amd64.deb ...
Feb 13 05:50:12 debootstrap: Unpacking base-passwd (3.5.51) ...
Feb 13 05:50:12 debootstrap: Setting up base-passwd (3.5.51) ...
Feb 13 05:50:12 debootstrap: dpkg: base-passwd: dependency problems, but configuring anyway as you requested:
Feb 13 05:50:12 debootstrap:  base-passwd depends on libc6 (>= 2.8); however:
Feb 13 05:50:12 debootstrap:   Package libc6 is not installed.
Feb 13 05:50:12 debootstrap:  base-passwd depends on libdebconfclient0 (>= 0.145); however:
Feb 13 05:50:12 debootstrap:   Package libdebconfclient0 is not installed.
Feb 13 05:50:12 debootstrap: 
Feb 13 05:50:12 debootstrap: dpkg: warning: parsing file '/var/lib/dpkg/status' near line 24 package 'dpkg':
Feb 13 05:50:12 debootstrap:  missing 'Description' field
Feb 13 05:50:12 debootstrap: dpkg: warning: parsing file '/var/lib/dpkg/status' near line 24 package 'dpkg':
Feb 13 05:50:12 debootstrap:  missing 'Architecture' field
Feb 13 05:50:12 debootstrap: Selecting previously unselected package base-files.
Feb 13 05:50:12 debootstrap: (Reading database ... 41 files and directories currently installed.)
Feb 13 05:50:12 debootstrap: Preparing to unpack .../base-files_11.1+deb11u6_amd64.deb ...
Feb 13 05:50:12 debootstrap: dpkg: regarding .../base-files_11.1+deb11u6_amd64.deb containing base-files, pre-dependency problem:
Feb 13 05:50:12 debootstrap:  base-files pre-depends on awk
Feb 13 05:50:12 debootstrap:   awk is not installed.
Feb 13 05:50:12 debootstrap: 
Feb 13 05:50:12 debootstrap: dpkg: warning: ignoring pre-dependency problem!
Feb 13 05:50:12 debootstrap: Unpacking base-files (11.1+deb11u6) ...
Feb 13 05:50:12 debootstrap: Setting up base-files (11.1+deb11u6) ...
Feb 13 05:50:12 debootstrap: dpkg: base-files: dependency problems, but configuring anyway as you requested:
Feb 13 05:50:12 debootstrap:  base-files depends on awk; however:
Feb 13 05:50:12 debootstrap:   Package awk is not installed.
Feb 13 05:50:12 debootstrap: 
Feb 13 05:50:12 debootstrap: dpkg: warning: parsing file '/var/lib/dpkg/status' near line 51 package 'dpkg':
Feb 13 05:50:12 debootstrap:  missing 'Description' field
Feb 13 05:50:12 debootstrap: dpkg: warning: parsing file '/var/lib/dpkg/status' near line 51 package 'dpkg':
Feb 13 05:50:12 debootstrap:  missing 'Architecture' field
Feb 13 05:50:12 debootstrap: (Reading database ... 121 files and directories currently installed.)
Feb 13 05:50:12 debootstrap: Preparing to unpack .../dpkg_1.20.12_amd64.deb ...
Feb 13 05:50:12 debootstrap: dpkg: regarding .../dpkg_1.20.12_amd64.deb containing dpkg, pre-dependency problem:
Feb 13 05:50:12 debootstrap:  dpkg pre-depends on libbz2-1.0
Feb 13 05:50:12 debootstrap:   libbz2-1.0 is not installed.
Feb 13 05:50:12 debootstrap: 
Feb 13 05:50:12 debootstrap: dpkg: warning: ignoring pre-dependency problem!
Feb 13 05:50:12 debootstrap: dpkg: regarding .../dpkg_1.20.12_amd64.deb containing dpkg, pre-dependency problem:
Feb 13 05:50:12 debootstrap:  dpkg pre-depends on libc6 (>= 2.15)
Feb 13 05:50:12 debootstrap:   libc6 is not installed.
Feb 13 05:50:12 debootstrap: 
Feb 13 05:50:12 debootstrap: dpkg: warning: ignoring pre-dependency problem!
Feb 13 05:50:12 debootstrap: dpkg: regarding .../dpkg_1.20.12_amd64.deb containing dpkg, pre-dependency problem:
Feb 13 05:50:12 debootstrap:  dpkg pre-depends on liblzma5 (>= 5.2.2)
Feb 13 05:50:12 debootstrap:   liblzma5 is not installed.
Feb 13 05:50:12 debootstrap: 
Feb 13 05:50:12 debootstrap: dpkg: warning: ignoring pre-dependency problem!
Feb 13 05:50:12 debootstrap: dpkg: regarding .../dpkg_1.20.12_amd64.deb containing dpkg, pre-dependency problem:
Feb 13 05:50:12 debootstrap:  dpkg pre-depends on libselinux1 (>= 3.1~)
Feb 13 05:50:12 debootstrap:   libselinux1 is not installed.
Feb 13 05:50:12 debootstrap: 
Feb 13 05:50:12 debootstrap: dpkg: warning: ignoring pre-dependency problem!
Feb 13 05:50:12 debootstrap: dpkg: regarding .../dpkg_1.20.12_amd64.deb containing dpkg, pre-dependency problem:
Feb 13 05:50:12 debootstrap:  dpkg pre-depends on zlib1g (>= 1:1.1.4)
Feb 13 05:50:12 debootstrap:   zlib1g is not installed.
Feb 13 05:50:12 debootstrap: 
Feb 13 05:50:12 debootstrap: dpkg: warning: ignoring pre-dependency problem!
Feb 13 05:50:12 debootstrap: Unpacking dpkg (1.20.12) over (1.20.12) ...
Feb 13 05:50:12 debootstrap: Setting up dpkg (1.20.12) ...
Feb 13 05:50:12 debootstrap: dpkg: dpkg: dependency problems, but configuring anyway as you requested:
Feb 13 05:50:12 debootstrap:  dpkg depends on libbz2-1.0; however:
Feb 13 05:50:12 debootstrap:   Package libbz2-1.0 is not installed.
Feb 13 05:50:12 debootstrap:  dpkg depends on libc6 (>= 2.15); however:
Feb 13 05:50:12 debootstrap:   Package libc6 is not installed.
Feb 13 05:50:12 debootstrap:  dpkg depends on liblzma5 (>= 5.2.2); however:
Feb 13 05:50:12 debootstrap:   Package liblzma5 is not installed.
Feb 13 05:50:12 debootstrap:  dpkg depends on libselinux1 (>= 3.1~); however:
Feb 13 05:50:12 debootstrap:   Package libselinux1 is not installed.
Feb 13 05:50:12 debootstrap:  dpkg depends on zlib1g (>= 1:1.1.4); however:
Feb 13 05:50:12 debootstrap:   Package zlib1g is not installed.
Feb 13 05:50:12 debootstrap:  dpkg depends on tar (>= 1.28-1); however:
Feb 13 05:50:12 debootstrap:   Package tar is not installed.
Feb 13 05:50:12 debootstrap: 
Feb 13 05:50:12 debootstrap: Selecting previously unselected package libc6:amd64.
Feb 13 05:50:12 debootstrap: (Reading database ... 413 files and directories currently installed.)
Feb 13 05:50:12 debootstrap: Preparing to unpack .../libc6_2.31-13+deb11u5_amd64.deb ...
Feb 13 05:50:12 debootstrap: Unpacking libc6:amd64 (2.31-13+deb11u5) ...
Feb 13 05:50:13 debootstrap: Setting up libc6:amd64 (2.31-13+deb11u5) ...
Feb 13 05:50:13 debootstrap: dpkg: libc6:amd64: dependency problems, but configuring anyway as you requested:
Feb 13 05:50:13 debootstrap:  libc6:amd64 depends on libgcc-s1; however:
Feb 13 05:50:13 debootstrap:   Package libgcc-s1 is not installed.
Feb 13 05:50:13 debootstrap:  libc6:amd64 depends on libcrypt1; however:
Feb 13 05:50:13 debootstrap:   Package libcrypt1 is not installed.
Feb 13 05:50:13 debootstrap: 
Feb 13 05:50:13 debootstrap: Selecting previously unselected package perl-base.
Feb 13 05:50:13 debootstrap: (Reading database ... 723 files and directories currently installed.)
Feb 13 05:50:13 debootstrap: Preparing to unpack .../perl-base_5.32.1-4+deb11u2_amd64.deb ...
Feb 13 05:50:13 debootstrap: dpkg: regarding .../perl-base_5.32.1-4+deb11u2_amd64.deb containing perl-base, pre-dependency problem:
Feb 13 05:50:13 debootstrap:  perl-base pre-depends on libcrypt1 (>= 1:4.1.0)
Feb 13 05:50:13 debootstrap:   libcrypt1 is not installed.
Feb 13 05:50:13 debootstrap: 
Feb 13 05:50:13 debootstrap: dpkg: warning: ignoring pre-dependency problem!
Feb 13 05:50:13 debootstrap: Unpacking perl-base (5.32.1-4+deb11u2) ...
Feb 13 05:50:13 debootstrap: Setting up perl-base (5.32.1-4+deb11u2) ...
Feb 13 05:50:13 debootstrap: dpkg: perl-base: dependency problems, but configuring anyway as you requested:
Feb 13 05:50:13 debootstrap:  perl-base depends on libcrypt1 (>= 1:4.1.0); however:
Feb 13 05:50:13 debootstrap:   Package libcrypt1 is not installed.
Feb 13 05:50:13 debootstrap: 
Feb 13 05:50:13 debootstrap: Selecting previously unselected package mawk.
Feb 13 05:50:13 debootstrap: (Reading database ... 1448 files and directories currently installed.)
Feb 13 05:50:13 debootstrap: Preparing to unpack .../mawk_1.3.4.20200120-2_amd64.deb ...
Feb 13 05:50:13 debootstrap: Unpacking mawk (1.3.4.20200120-2) ...
Feb 13 05:50:13 debootstrap: Setting up mawk (1.3.4.20200120-2) ...
Feb 13 05:50:13 debootstrap: Selecting previously unselected package debconf.
Feb 13 05:50:13 debootstrap: (Reading database ... 1467 files and directories currently installed.)
Feb 13 05:50:13 debootstrap: Preparing to unpack .../debconf_1.5.77_all.deb ...
Feb 13 05:50:13 debootstrap: Unpacking debconf (1.5.77) ...
Feb 13 05:50:13 debootstrap: Setting up debconf (1.5.77) ...
Feb 13 05:50:13 debootstrap: Selecting previously unselected package gcc-10-base:amd64.
Feb 13 05:50:13 debootstrap: (Reading database ... 1628 files and directories currently installed.)
Feb 13 05:50:13 debootstrap: Preparing to unpack .../gcc-10-base_10.2.1-6_amd64.deb ...
Feb 13 05:50:13 debootstrap: Unpacking gcc-10-base:amd64 (10.2.1-6) ...
Feb 13 05:50:13 debootstrap: Selecting previously unselected package libgcc-s1:amd64.
Feb 13 05:50:13 debootstrap: Preparing to unpack .../libgcc-s1_10.2.1-6_amd64.deb ...
Feb 13 05:50:13 debootstrap: Unpacking libgcc-s1:amd64 (10.2.1-6) ...
Feb 13 05:50:13 debootstrap: Selecting previously unselected package libcrypt1:amd64.
Feb 13 05:50:13 debootstrap: Preparing to unpack .../libcrypt1_1%3a4.4.18-4_amd64.deb ...
Feb 13 05:50:13 debootstrap: Unpacking libcrypt1:amd64 (1:4.4.18-4) ...
Feb 13 05:50:13 debootstrap: Preparing to unpack .../libc6_2.31-13+deb11u5_amd64.deb ...
Feb 13 05:50:13 debootstrap: Unpacking libc6:amd64 (2.31-13+deb11u5) over (2.31-13+deb11u5) ...
Feb 13 05:50:14 debootstrap: Selecting previously unselected package libidn2-0:amd64.
Feb 13 05:50:14 debootstrap: Preparing to unpack .../libidn2-0_2.3.0-5_amd64.deb ...
Feb 13 05:50:14 debootstrap: Unpacking libidn2-0:amd64 (2.3.0-5) ...
Feb 13 05:50:14 debootstrap: Selecting previously unselected package libcom-err2:amd64.
Feb 13 05:50:14 debootstrap: Preparing to unpack .../libcom-err2_1.46.2-2_amd64.deb ...
Feb 13 05:50:14 debootstrap: Unpacking libcom-err2:amd64 (1.46.2-2) ...
Feb 13 05:50:14 debootstrap: Selecting previously unselected package libkrb5support0:amd64.
Feb 13 05:50:14 debootstrap: Preparing to unpack .../libkrb5support0_1.18.3-6+deb11u3_amd64.deb ...
Feb 13 05:50:14 debootstrap: Unpacking libkrb5support0:amd64 (1.18.3-6+deb11u3) ...
Feb 13 05:50:14 debootstrap: Selecting previously unselected package libk5crypto3:amd64.
Feb 13 05:50:14 debootstrap: Preparing to unpack .../libk5crypto3_1.18.3-6+deb11u3_amd64.deb ...
Feb 13 05:50:14 debootstrap: Unpacking libk5crypto3:amd64 (1.18.3-6+deb11u3) ...
Feb 13 05:50:14 debootstrap: Selecting previously unselected package libkeyutils1:amd64.
Feb 13 05:50:14 debootstrap: Preparing to unpack .../libkeyutils1_1.6.1-2_amd64.deb ...
Feb 13 05:50:14 debootstrap: Unpacking libkeyutils1:amd64 (1.6.1-2) ...
Feb 13 05:50:14 debootstrap: Selecting previously unselected package libbz2-1.0:amd64.
Feb 13 05:50:14 debootstrap: Preparing to unpack .../libbz2-1.0_1.0.8-4_amd64.deb ...
Feb 13 05:50:14 debootstrap: Unpacking libbz2-1.0:amd64 (1.0.8-4) ...
Feb 13 05:50:14 debootstrap: Selecting previously unselected package liblzma5:amd64.
Feb 13 05:50:14 debootstrap: Preparing to unpack .../liblzma5_5.2.5-2.1~deb11u1_amd64.deb ...
Feb 13 05:50:14 debootstrap: Unpacking liblzma5:amd64 (5.2.5-2.1~deb11u1) ...
Feb 13 05:50:14 debootstrap: Selecting previously unselected package libacl1:amd64.
Feb 13 05:50:14 debootstrap: Preparing to unpack .../libacl1_2.2.53-10_amd64.deb ...
Feb 13 05:50:14 debootstrap: Unpacking libacl1:amd64 (2.2.53-10) ...
Feb 13 05:50:14 debootstrap: dpkg: regarding .../dpkg_1.20.12_amd64.deb containing dpkg, pre-dependency problem:
